# per-drawing defect floors — regenerate with: npm run sweep -- --update-baseline
application-compact/page	crossings	1
application-compact/page	labelStraddled	1
application-compact/slide	crossings	1
application-compact/slide	jog<=20	1
application-compact/tall	crossings	1
application-compact/tall	labelStraddled	1
application-compact/wide	crossings	1
application-compact/wide	jog<=20	1
application-fr/page	crossings	1
application-fr/page	labelStraddled	2
application-fr/slide	crossings	1
application-fr/slide	jog<=20	1
application-fr/slide	jog<=6	1
application-fr/slide	turnHeavy	2
application-fr/tall	crossings	1
application-fr/tall	labelStraddled	2
application-fr/wide	crossings	1
application-fr/wide	jog<=6	2
application-fr/wide	turnHeavy	1
application-large-fr/page	crossings	7
application-large-fr/page	labelStraddled	6
application-large-fr/page	titleStruck	1
application-large-fr/slide	attachAway	2
application-large-fr/slide	crossings	12
application-large-fr/slide	jog<=20	2
application-large-fr/slide	labelOffLine	1
application-large-fr/slide	nearParallel	1
application-large-fr/slide	turnHeavy	2
application-large-fr/tall	crossings	7
application-large-fr/tall	labelStraddled	6
application-large-fr/tall	titleStruck	1
application-large-fr/wide	attachAway	2
application-large-fr/wide	crossings	12
application-large-fr/wide	jog<=20	2
application-large-fr/wide	labelOffLine	1
application-large-fr/wide	nearParallel	1
application-large-fr/wide	turnHeavy	2
application-large/page	crossings	11
application-large/page	jog<=20	1
application-large/page	labelStraddled	3
application-large/page	longDetour	1
application-large/slide	attachAway	1
application-large/slide	crossings	12
application-large/slide	jog<=20	2
application-large/slide	labelOffLine	1
application-large/slide	nearParallel	1
application-large/slide	turnHeavy	2
application-large/tall	crossings	11
application-large/tall	jog<=20	1
application-large/tall	labelStraddled	3
application-large/tall	longDetour	1
application-large/wide	attachAway	1
application-large/wide	crossings	12
application-large/wide	jog<=20	2
application-large/wide	labelOffLine	1
application-large/wide	nearParallel	1
application-large/wide	turnHeavy	2
application-medium/page	attachAway	1
application-medium/page	crossings	1
application-medium/page	jog<=20	2
application-medium/page	labelStraddled	1
application-medium/page	turnHeavy	1
application-medium/slide	crossings	1
application-medium/slide	jog<=20	1
application-medium/slide	jog<=6	1
application-medium/slide	turnHeavy	1
application-medium/tall	attachAway	1
application-medium/tall	crossings	1
application-medium/tall	jog<=20	2
application-medium/tall	labelStraddled	1
application-medium/tall	turnHeavy	1
application-medium/wide	crossings	1
application-medium/wide	jog<=6	2
application-medium/wide	turnHeavy	1
application-small/page	labelStraddled	1
application-small/tall	labelStraddled	1
application/page	attachAway	1
application/page	crossings	1
application/page	jog<=20	2
application/page	labelStraddled	1
application/page	turnHeavy	1
application/slide	crossings	1
application/slide	jog<=20	1
application/slide	jog<=6	1
application/slide	turnHeavy	1
application/tall	attachAway	1
application/tall	crossings	1
application/tall	jog<=20	2
application/tall	labelStraddled	1
application/tall	turnHeavy	1
application/wide	crossings	1
application/wide	jog<=6	2
application/wide	turnHeavy	1
dispositions/application-large-page/page	crossings	11
dispositions/application-large-page/page	jog<=20	1
dispositions/application-large-page/page	labelStraddled	3
dispositions/application-large-page/page	longDetour	1
dispositions/application-large-page/slide	attachAway	1
dispositions/application-large-page/slide	crossings	12
dispositions/application-large-page/slide	jog<=20	2
dispositions/application-large-page/slide	labelOffLine	1
dispositions/application-large-page/slide	nearParallel	1
dispositions/application-large-page/slide	turnHeavy	2
dispositions/application-large-page/tall	crossings	11
dispositions/application-large-page/tall	jog<=20	1
dispositions/application-large-page/tall	labelStraddled	3
dispositions/application-large-page/tall	longDetour	1
dispositions/application-large-page/wide	attachAway	1
dispositions/application-large-page/wide	crossings	12
dispositions/application-large-page/wide	jog<=20	2
dispositions/application-large-page/wide	labelOffLine	1
dispositions/application-large-page/wide	nearParallel	1
dispositions/application-large-page/wide	turnHeavy	2
dispositions/application-large-slide/page	crossings	11
dispositions/application-large-slide/page	jog<=20	1
dispositions/application-large-slide/page	labelStraddled	3
dispositions/application-large-slide/page	longDetour	1
dispositions/application-large-slide/slide	attachAway	1
dispositions/application-large-slide/slide	crossings	12
dispositions/application-large-slide/slide	jog<=20	2
dispositions/application-large-slide/slide	labelOffLine	1
dispositions/application-large-slide/slide	nearParallel	1
dispositions/application-large-slide/slide	turnHeavy	2
dispositions/application-large-slide/tall	crossings	11
dispositions/application-large-slide/tall	jog<=20	1
dispositions/application-large-slide/tall	labelStraddled	3
dispositions/application-large-slide/tall	longDetour	1
dispositions/application-large-slide/wide	attachAway	1
dispositions/application-large-slide/wide	crossings	12
dispositions/application-large-slide/wide	jog<=20	2
dispositions/application-large-slide/wide	labelOffLine	1
dispositions/application-large-slide/wide	nearParallel	1
dispositions/application-large-slide/wide	turnHeavy	2
dispositions/application-large-tall/page	crossings	11
dispositions/application-large-tall/page	jog<=20	1
dispositions/application-large-tall/page	labelStraddled	3
dispositions/application-large-tall/page	longDetour	1
dispositions/application-large-tall/slide	attachAway	1
dispositions/application-large-tall/slide	crossings	12
dispositions/application-large-tall/slide	jog<=20	2
dispositions/application-large-tall/slide	labelOffLine	1
dispositions/application-large-tall/slide	nearParallel	1
dispositions/application-large-tall/slide	turnHeavy	2
dispositions/application-large-tall/tall	crossings	11
dispositions/application-large-tall/tall	jog<=20	1
dispositions/application-large-tall/tall	labelStraddled	3
dispositions/application-large-tall/tall	longDetour	1
dispositions/application-large-tall/wide	attachAway	1
dispositions/application-large-tall/wide	crossings	12
dispositions/application-large-tall/wide	jog<=20	2
dispositions/application-large-tall/wide	labelOffLine	1
dispositions/application-large-tall/wide	nearParallel	1
dispositions/application-large-tall/wide	turnHeavy	2
dispositions/application-medium-page/page	attachAway	1
dispositions/application-medium-page/page	crossings	1
dispositions/application-medium-page/page	jog<=20	2
dispositions/application-medium-page/page	labelStraddled	1
dispositions/application-medium-page/page	turnHeavy	1
dispositions/application-medium-page/slide	crossings	1
dispositions/application-medium-page/slide	jog<=20	1
dispositions/application-medium-page/slide	jog<=6	1
dispositions/application-medium-page/slide	turnHeavy	1
dispositions/application-medium-page/tall	attachAway	1
dispositions/application-medium-page/tall	crossings	1
dispositions/application-medium-page/tall	jog<=20	2
dispositions/application-medium-page/tall	labelStraddled	1
dispositions/application-medium-page/tall	turnHeavy	1
dispositions/application-medium-page/wide	crossings	1
dispositions/application-medium-page/wide	jog<=6	2
dispositions/application-medium-page/wide	turnHeavy	1
dispositions/application-medium-slide/page	attachAway	1
dispositions/application-medium-slide/page	crossings	1
dispositions/application-medium-slide/page	jog<=20	2
dispositions/application-medium-slide/page	labelStraddled	1
dispositions/application-medium-slide/page	turnHeavy	1
dispositions/application-medium-slide/slide	crossings	1
dispositions/application-medium-slide/slide	jog<=20	1
dispositions/application-medium-slide/slide	jog<=6	1
dispositions/application-medium-slide/slide	turnHeavy	1
dispositions/application-medium-slide/tall	attachAway	1
dispositions/application-medium-slide/tall	crossings	1
dispositions/application-medium-slide/tall	jog<=20	2
dispositions/application-medium-slide/tall	labelStraddled	1
dispositions/application-medium-slide/tall	turnHeavy	1
dispositions/application-medium-slide/wide	crossings	1
dispositions/application-medium-slide/wide	jog<=6	2
dispositions/application-medium-slide/wide	turnHeavy	1
dispositions/application-medium-tall/page	attachAway	1
dispositions/application-medium-tall/page	crossings	1
dispositions/application-medium-tall/page	jog<=20	2
dispositions/application-medium-tall/page	labelStraddled	1
dispositions/application-medium-tall/page	turnHeavy	1
dispositions/application-medium-tall/slide	crossings	1
dispositions/application-medium-tall/slide	jog<=20	1
dispositions/application-medium-tall/slide	jog<=6	1
dispositions/application-medium-tall/slide	turnHeavy	1
dispositions/application-medium-tall/tall	attachAway	1
dispositions/application-medium-tall/tall	crossings	1
dispositions/application-medium-tall/tall	jog<=20	2
dispositions/application-medium-tall/tall	labelStraddled	1
dispositions/application-medium-tall/tall	turnHeavy	1
dispositions/application-medium-tall/wide	crossings	1
dispositions/application-medium-tall/wide	jog<=6	2
dispositions/application-medium-tall/wide	turnHeavy	1
dispositions/application-small-page/page	labelStraddled	1
dispositions/application-small-page/tall	labelStraddled	1
dispositions/application-small-slide/page	labelStraddled	1
dispositions/application-small-slide/tall	labelStraddled	1
dispositions/application-small-tall/page	labelStraddled	1
dispositions/application-small-tall/tall	labelStraddled	1
dispositions/infrastructure-large-page/page	attachAway	3
dispositions/infrastructure-large-page/page	crossings	4
dispositions/infrastructure-large-page/page	jog<=20	1
dispositions/infrastructure-large-page/page	labelStraddled	2
dispositions/infrastructure-large-page/page	titleStruck	2
dispositions/infrastructure-large-page/page	turnHeavy	2
dispositions/infrastructure-large-page/slide	attachAway	2
dispositions/infrastructure-large-page/slide	crossings	2
dispositions/infrastructure-large-page/slide	turnHeavy	2
dispositions/infrastructure-large-page/tall	attachAway	3
dispositions/infrastructure-large-page/tall	crossings	4
dispositions/infrastructure-large-page/tall	jog<=20	1
dispositions/infrastructure-large-page/tall	labelStraddled	2
dispositions/infrastructure-large-page/tall	titleStruck	2
dispositions/infrastructure-large-page/tall	turnHeavy	2
dispositions/infrastructure-large-page/wide	attachAway	2
dispositions/infrastructure-large-page/wide	crossings	2
dispositions/infrastructure-large-page/wide	turnHeavy	2
dispositions/infrastructure-large-slide/page	attachAway	3
dispositions/infrastructure-large-slide/page	crossings	4
dispositions/infrastructure-large-slide/page	jog<=20	1
dispositions/infrastructure-large-slide/page	labelStraddled	2
dispositions/infrastructure-large-slide/page	titleStruck	2
dispositions/infrastructure-large-slide/page	turnHeavy	2
dispositions/infrastructure-large-slide/slide	attachAway	2
dispositions/infrastructure-large-slide/slide	crossings	2
dispositions/infrastructure-large-slide/slide	turnHeavy	2
dispositions/infrastructure-large-slide/tall	attachAway	3
dispositions/infrastructure-large-slide/tall	crossings	4
dispositions/infrastructure-large-slide/tall	jog<=20	1
dispositions/infrastructure-large-slide/tall	labelStraddled	2
dispositions/infrastructure-large-slide/tall	titleStruck	2
dispositions/infrastructure-large-slide/tall	turnHeavy	2
dispositions/infrastructure-large-slide/wide	attachAway	2
dispositions/infrastructure-large-slide/wide	crossings	2
dispositions/infrastructure-large-slide/wide	turnHeavy	2
dispositions/infrastructure-large-tall/page	attachAway	3
dispositions/infrastructure-large-tall/page	crossings	4
dispositions/infrastructure-large-tall/page	jog<=20	1
dispositions/infrastructure-large-tall/page	labelStraddled	2
dispositions/infrastructure-large-tall/page	titleStruck	2
dispositions/infrastructure-large-tall/page	turnHeavy	2
dispositions/infrastructure-large-tall/slide	attachAway	2
dispositions/infrastructure-large-tall/slide	crossings	2
dispositions/infrastructure-large-tall/slide	turnHeavy	2
dispositions/infrastructure-large-tall/tall	attachAway	3
dispositions/infrastructure-large-tall/tall	crossings	4
dispositions/infrastructure-large-tall/tall	jog<=20	1
dispositions/infrastructure-large-tall/tall	labelStraddled	2
dispositions/infrastructure-large-tall/tall	titleStruck	2
dispositions/infrastructure-large-tall/tall	turnHeavy	2
dispositions/infrastructure-large-tall/wide	attachAway	2
dispositions/infrastructure-large-tall/wide	crossings	2
dispositions/infrastructure-large-tall/wide	turnHeavy	2
dispositions/infrastructure-large-wide/page	attachAway	3
dispositions/infrastructure-large-wide/page	crossings	4
dispositions/infrastructure-large-wide/page	jog<=20	1
dispositions/infrastructure-large-wide/page	labelStraddled	2
dispositions/infrastructure-large-wide/page	titleStruck	2
dispositions/infrastructure-large-wide/page	turnHeavy	2
dispositions/infrastructure-large-wide/slide	attachAway	2
dispositions/infrastructure-large-wide/slide	crossings	2
dispositions/infrastructure-large-wide/slide	turnHeavy	2
dispositions/infrastructure-large-wide/tall	attachAway	3
dispositions/infrastructure-large-wide/tall	crossings	4
dispositions/infrastructure-large-wide/tall	jog<=20	1
dispositions/infrastructure-large-wide/tall	labelStraddled	2
dispositions/infrastructure-large-wide/tall	titleStruck	2
dispositions/infrastructure-large-wide/tall	turnHeavy	2
dispositions/infrastructure-large-wide/wide	attachAway	2
dispositions/infrastructure-large-wide/wide	crossings	2
dispositions/infrastructure-large-wide/wide	turnHeavy	2
dispositions/infrastructure-small-page/page	attachAway	1
dispositions/infrastructure-small-page/tall	attachAway	1
dispositions/infrastructure-small-slide/page	attachAway	1
dispositions/infrastructure-small-slide/tall	attachAway	1
dispositions/infrastructure-small-tall/page	attachAway	1
dispositions/infrastructure-small-tall/tall	attachAway	1
dispositions/large-page/page	attachAway	4
dispositions/large-page/page	crossings	81
dispositions/large-page/page	fanTangle	2
dispositions/large-page/page	jog<=20	1
dispositions/large-page/page	jog<=6	1
dispositions/large-page/page	labelStraddled	2
dispositions/large-page/page	longDetour	6
dispositions/large-page/page	nearParallel	1
dispositions/large-page/page	sideHug	1
dispositions/large-page/page	titleStruck	4
dispositions/large-page/page	turnHeavy	12
dispositions/large-page/slide	attachAway	13
dispositions/large-page/slide	crossings	265
dispositions/large-page/slide	jog<=20	7
dispositions/large-page/slide	jog<=6	2
dispositions/large-page/slide	labelStraddled	6
dispositions/large-page/slide	longDetour	12
dispositions/large-page/slide	nearParallel	3
dispositions/large-page/slide	throughContainer	2
dispositions/large-page/slide	turnHeavy	22
dispositions/large-page/tall	attachAway	4
dispositions/large-page/tall	crossings	81
dispositions/large-page/tall	fanTangle	2
dispositions/large-page/tall	jog<=20	1
dispositions/large-page/tall	jog<=6	1
dispositions/large-page/tall	labelStraddled	2
dispositions/large-page/tall	longDetour	6
dispositions/large-page/tall	nearParallel	1
dispositions/large-page/tall	sideHug	1
dispositions/large-page/tall	titleStruck	4
dispositions/large-page/tall	turnHeavy	12
dispositions/large-page/wide	attachAway	4
dispositions/large-page/wide	crossings	89
dispositions/large-page/wide	fanTangle	2
dispositions/large-page/wide	jog<=20	5
dispositions/large-page/wide	jog<=6	3
dispositions/large-page/wide	labelOffLine	1
dispositions/large-page/wide	labelStraddled	4
dispositions/large-page/wide	longDetour	1
dispositions/large-page/wide	nearParallel	2
dispositions/large-page/wide	sideHug	1
dispositions/large-page/wide	throughContainer	1
dispositions/large-page/wide	turnHeavy	19
dispositions/large-slide/page	attachAway	4
dispositions/large-slide/page	crossings	81
dispositions/large-slide/page	fanTangle	2
dispositions/large-slide/page	jog<=20	1
dispositions/large-slide/page	jog<=6	1
dispositions/large-slide/page	labelStraddled	2
dispositions/large-slide/page	longDetour	6
dispositions/large-slide/page	nearParallel	1
dispositions/large-slide/page	sideHug	1
dispositions/large-slide/page	titleStruck	4
dispositions/large-slide/page	turnHeavy	12
dispositions/large-slide/slide	attachAway	13
dispositions/large-slide/slide	crossings	265
dispositions/large-slide/slide	jog<=20	7
dispositions/large-slide/slide	jog<=6	2
dispositions/large-slide/slide	labelStraddled	6
dispositions/large-slide/slide	longDetour	12
dispositions/large-slide/slide	nearParallel	3
dispositions/large-slide/slide	throughContainer	2
dispositions/large-slide/slide	turnHeavy	22
dispositions/large-slide/tall	attachAway	4
dispositions/large-slide/tall	crossings	81
dispositions/large-slide/tall	fanTangle	2
dispositions/large-slide/tall	jog<=20	1
dispositions/large-slide/tall	jog<=6	1
dispositions/large-slide/tall	labelStraddled	2
dispositions/large-slide/tall	longDetour	6
dispositions/large-slide/tall	nearParallel	1
dispositions/large-slide/tall	sideHug	1
dispositions/large-slide/tall	titleStruck	4
dispositions/large-slide/tall	turnHeavy	12
dispositions/large-slide/wide	attachAway	4
dispositions/large-slide/wide	crossings	89
dispositions/large-slide/wide	fanTangle	2
dispositions/large-slide/wide	jog<=20	5
dispositions/large-slide/wide	jog<=6	3
dispositions/large-slide/wide	labelOffLine	1
dispositions/large-slide/wide	labelStraddled	4
dispositions/large-slide/wide	longDetour	1
dispositions/large-slide/wide	nearParallel	2
dispositions/large-slide/wide	sideHug	1
dispositions/large-slide/wide	throughContainer	1
dispositions/large-slide/wide	turnHeavy	19
dispositions/large-tall/page	attachAway	4
dispositions/large-tall/page	crossings	81
dispositions/large-tall/page	fanTangle	2
dispositions/large-tall/page	jog<=20	1
dispositions/large-tall/page	jog<=6	1
dispositions/large-tall/page	labelStraddled	2
dispositions/large-tall/page	longDetour	6
dispositions/large-tall/page	nearParallel	1
dispositions/large-tall/page	sideHug	1
dispositions/large-tall/page	titleStruck	4
dispositions/large-tall/page	turnHeavy	12
dispositions/large-tall/slide	attachAway	13
dispositions/large-tall/slide	crossings	265
dispositions/large-tall/slide	jog<=20	7
dispositions/large-tall/slide	jog<=6	2
dispositions/large-tall/slide	labelStraddled	6
dispositions/large-tall/slide	longDetour	12
dispositions/large-tall/slide	nearParallel	3
dispositions/large-tall/slide	throughContainer	2
dispositions/large-tall/slide	turnHeavy	22
dispositions/large-tall/tall	attachAway	4
dispositions/large-tall/tall	crossings	81
dispositions/large-tall/tall	fanTangle	2
dispositions/large-tall/tall	jog<=20	1
dispositions/large-tall/tall	jog<=6	1
dispositions/large-tall/tall	labelStraddled	2
dispositions/large-tall/tall	longDetour	6
dispositions/large-tall/tall	nearParallel	1
dispositions/large-tall/tall	sideHug	1
dispositions/large-tall/tall	titleStruck	4
dispositions/large-tall/tall	turnHeavy	12
dispositions/large-tall/wide	attachAway	4
dispositions/large-tall/wide	crossings	89
dispositions/large-tall/wide	fanTangle	2
dispositions/large-tall/wide	jog<=20	5
dispositions/large-tall/wide	jog<=6	3
dispositions/large-tall/wide	labelOffLine	1
dispositions/large-tall/wide	labelStraddled	4
dispositions/large-tall/wide	longDetour	1
dispositions/large-tall/wide	nearParallel	2
dispositions/large-tall/wide	sideHug	1
dispositions/large-tall/wide	throughContainer	1
dispositions/large-tall/wide	turnHeavy	19
dispositions/medium-page/page	attachAway	1
dispositions/medium-page/page	crossings	4
dispositions/medium-page/page	jog<=20	1
dispositions/medium-page/page	labelOffLine	3
dispositions/medium-page/page	labelStraddled	3
dispositions/medium-page/slide	attachAway	1
dispositions/medium-page/slide	crossings	4
dispositions/medium-page/slide	jog<=20	3
dispositions/medium-page/slide	labelOffLine	1
dispositions/medium-page/slide	labelStraddled	2
dispositions/medium-page/slide	turnHeavy	4
dispositions/medium-page/tall	attachAway	3
dispositions/medium-page/tall	crossings	7
dispositions/medium-page/tall	labelOffLine	1
dispositions/medium-page/tall	labelStraddled	4
dispositions/medium-page/tall	longDetour	1
dispositions/medium-page/wide	attachAway	1
dispositions/medium-page/wide	crossings	1
dispositions/medium-page/wide	jog<=20	2
dispositions/medium-page/wide	labelOffLine	2
dispositions/medium-page/wide	labelStraddled	2
dispositions/medium-page/wide	turnHeavy	3
dispositions/medium-slide/page	attachAway	1
dispositions/medium-slide/page	crossings	4
dispositions/medium-slide/page	jog<=20	1
dispositions/medium-slide/page	labelOffLine	3
dispositions/medium-slide/page	labelStraddled	3
dispositions/medium-slide/slide	attachAway	1
dispositions/medium-slide/slide	crossings	4
dispositions/medium-slide/slide	jog<=20	3
dispositions/medium-slide/slide	labelOffLine	1
dispositions/medium-slide/slide	labelStraddled	2
dispositions/medium-slide/slide	turnHeavy	4
dispositions/medium-slide/tall	attachAway	3
dispositions/medium-slide/tall	crossings	7
dispositions/medium-slide/tall	labelOffLine	1
dispositions/medium-slide/tall	labelStraddled	4
dispositions/medium-slide/tall	longDetour	1
dispositions/medium-slide/wide	attachAway	1
dispositions/medium-slide/wide	crossings	1
dispositions/medium-slide/wide	jog<=20	2
dispositions/medium-slide/wide	labelOffLine	2
dispositions/medium-slide/wide	labelStraddled	2
dispositions/medium-slide/wide	turnHeavy	3
dispositions/medium-tall/page	attachAway	1
dispositions/medium-tall/page	crossings	4
dispositions/medium-tall/page	jog<=20	1
dispositions/medium-tall/page	labelOffLine	3
dispositions/medium-tall/page	labelStraddled	3
dispositions/medium-tall/slide	attachAway	1
dispositions/medium-tall/slide	crossings	4
dispositions/medium-tall/slide	jog<=20	3
dispositions/medium-tall/slide	labelOffLine	1
dispositions/medium-tall/slide	labelStraddled	2
dispositions/medium-tall/slide	turnHeavy	4
dispositions/medium-tall/tall	attachAway	3
dispositions/medium-tall/tall	crossings	7
dispositions/medium-tall/tall	labelOffLine	1
dispositions/medium-tall/tall	labelStraddled	4
dispositions/medium-tall/tall	longDetour	1
dispositions/medium-tall/wide	attachAway	1
dispositions/medium-tall/wide	crossings	1
dispositions/medium-tall/wide	jog<=20	2
dispositions/medium-tall/wide	labelOffLine	2
dispositions/medium-tall/wide	labelStraddled	2
dispositions/medium-tall/wide	turnHeavy	3
dispositions/small-page/page	crossings	1
dispositions/small-page/page	jog<=6	1
dispositions/small-page/slide	turnHeavy	1
dispositions/small-page/tall	crossings	1
dispositions/small-page/tall	jog<=6	1
dispositions/small-page/wide	crossings	1
dispositions/small-page/wide	turnHeavy	1
dispositions/small-slide/page	crossings	1
dispositions/small-slide/page	jog<=6	1
dispositions/small-slide/slide	turnHeavy	1
dispositions/small-slide/tall	crossings	1
dispositions/small-slide/tall	jog<=6	1
dispositions/small-slide/wide	crossings	1
dispositions/small-slide/wide	turnHeavy	1
dispositions/small-tall/page	crossings	1
dispositions/small-tall/page	jog<=6	1
dispositions/small-tall/slide	turnHeavy	1
dispositions/small-tall/tall	crossings	1
dispositions/small-tall/tall	jog<=6	1
dispositions/small-tall/wide	crossings	1
dispositions/small-tall/wide	turnHeavy	1
infrastructure-compact/page	crossings	2
infrastructure-compact/slide	turnHeavy	1
infrastructure-compact/tall	crossings	2
infrastructure-compact/wide	turnHeavy	1
infrastructure-fr/page	attachAway	1
infrastructure-fr/page	crossings	1
infrastructure-fr/slide	turnHeavy	1
infrastructure-fr/tall	attachAway	1
infrastructure-fr/tall	crossings	1
infrastructure-fr/wide	turnHeavy	1
infrastructure-large-fr/page	attachAway	3
infrastructure-large-fr/page	crossings	4
infrastructure-large-fr/page	jog<=6	1
infrastructure-large-fr/page	labelStraddled	1
infrastructure-large-fr/page	nearParallel	2
infrastructure-large-fr/page	sideHug	1
infrastructure-large-fr/page	titleStruck	2
infrastructure-large-fr/page	turnHeavy	2
infrastructure-large-fr/slide	attachAway	2
infrastructure-large-fr/slide	crossings	2
infrastructure-large-fr/slide	turnHeavy	2
infrastructure-large-fr/tall	attachAway	3
infrastructure-large-fr/tall	crossings	4
infrastructure-large-fr/tall	jog<=6	1
infrastructure-large-fr/tall	labelStraddled	1
infrastructure-large-fr/tall	nearParallel	2
infrastructure-large-fr/tall	sideHug	1
infrastructure-large-fr/tall	titleStruck	2
infrastructure-large-fr/tall	turnHeavy	2
infrastructure-large-fr/wide	attachAway	2
infrastructure-large-fr/wide	crossings	2
infrastructure-large-fr/wide	turnHeavy	2
infrastructure-large/page	attachAway	3
infrastructure-large/page	crossings	4
infrastructure-large/page	jog<=20	1
infrastructure-large/page	labelStraddled	2
infrastructure-large/page	titleStruck	2
infrastructure-large/page	turnHeavy	2
infrastructure-large/slide	attachAway	2
infrastructure-large/slide	crossings	2
infrastructure-large/slide	turnHeavy	2
infrastructure-large/tall	attachAway	3
infrastructure-large/tall	crossings	4
infrastructure-large/tall	jog<=20	1
infrastructure-large/tall	labelStraddled	2
infrastructure-large/tall	titleStruck	2
infrastructure-large/tall	turnHeavy	2
infrastructure-large/wide	attachAway	2
infrastructure-large/wide	crossings	2
infrastructure-large/wide	turnHeavy	2
infrastructure-small/page	attachAway	1
infrastructure-small/tall	attachAway	1
infrastructure/page	turnHeavy	1
infrastructure/slide	turnHeavy	1
infrastructure/tall	turnHeavy	1
infrastructure/wide	turnHeavy	1
large-fr/page	attachAway	3
large-fr/page	crossings	80
large-fr/page	fanTangle	2
large-fr/page	jog<=20	3
large-fr/page	jog<=6	1
large-fr/page	labelStraddled	3
large-fr/page	longDetour	6
large-fr/page	sideHug	1
large-fr/page	throughContainer	1
large-fr/page	titleStruck	5
large-fr/page	turnHeavy	14
large-fr/slide	attachAway	11
large-fr/slide	crossings	265
large-fr/slide	jog<=20	7
large-fr/slide	jog<=6	2
large-fr/slide	labelStraddled	4
large-fr/slide	longDetour	11
large-fr/slide	nearParallel	3
large-fr/slide	throughContainer	2
large-fr/slide	turnHeavy	21
large-fr/tall	attachAway	4
large-fr/tall	crossings	90
large-fr/tall	fanTangle	2
large-fr/tall	jog<=6	1
large-fr/tall	labelStraddled	4
large-fr/tall	longDetour	7
large-fr/tall	titleStruck	3
large-fr/tall	turnHeavy	12
large-fr/wide	attachAway	1
large-fr/wide	crossings	99
large-fr/wide	fanTangle	2
large-fr/wide	jog<=20	6
large-fr/wide	jog<=6	1
large-fr/wide	labelOffLine	1
large-fr/wide	labelStraddled	2
large-fr/wide	longDetour	1
large-fr/wide	nearParallel	5
large-fr/wide	turnHeavy	22
large-numbered/page	attachAway	3
large-numbered/page	crossings	97
large-numbered/page	fanTangle	1
large-numbered/page	jog<=6	1
large-numbered/page	longDetour	2
large-numbered/page	nearParallel	1
large-numbered/page	titleStruck	7
large-numbered/page	turnHeavy	17
large-numbered/slide	attachAway	6
large-numbered/slide	crossings	101
large-numbered/slide	fanTangle	1
large-numbered/slide	jog<=20	3
large-numbered/slide	jog<=6	3
large-numbered/slide	longDetour	1
large-numbered/slide	nearParallel	1
large-numbered/slide	throughContainer	1
large-numbered/slide	turnHeavy	21
large-numbered/tall	attachAway	3
large-numbered/tall	crossings	97
large-numbered/tall	fanTangle	1
large-numbered/tall	jog<=6	1
large-numbered/tall	longDetour	2
large-numbered/tall	nearParallel	1
large-numbered/tall	titleStruck	7
large-numbered/tall	turnHeavy	17
large-numbered/wide	attachAway	6
large-numbered/wide	crossings	94
large-numbered/wide	fanTangle	1
large-numbered/wide	jog<=20	3
large-numbered/wide	jog<=6	3
large-numbered/wide	longDetour	1
large-numbered/wide	nearParallel	1
large-numbered/wide	sideHug	1
large-numbered/wide	throughContainer	1
large-numbered/wide	turnHeavy	21
large/page	attachAway	4
large/page	crossings	81
large/page	fanTangle	2
large/page	jog<=20	1
large/page	jog<=6	1
large/page	labelStraddled	2
large/page	longDetour	6
large/page	nearParallel	1
large/page	sideHug	1
large/page	titleStruck	4
large/page	turnHeavy	12
large/slide	attachAway	13
large/slide	crossings	265
large/slide	jog<=20	7
large/slide	jog<=6	2
large/slide	labelStraddled	6
large/slide	longDetour	12
large/slide	nearParallel	3
large/slide	throughContainer	2
large/slide	turnHeavy	22
large/tall	attachAway	4
large/tall	crossings	81
large/tall	fanTangle	2
large/tall	jog<=20	1
large/tall	jog<=6	1
large/tall	labelStraddled	2
large/tall	longDetour	6
large/tall	nearParallel	1
large/tall	sideHug	1
large/tall	titleStruck	4
large/tall	turnHeavy	12
large/wide	attachAway	4
large/wide	crossings	89
large/wide	fanTangle	2
large/wide	jog<=20	5
large/wide	jog<=6	3
large/wide	labelOffLine	1
large/wide	labelStraddled	4
large/wide	longDetour	1
large/wide	nearParallel	2
large/wide	sideHug	1
large/wide	throughContainer	1
large/wide	turnHeavy	19
logical-archi/page	attachAway	3
logical-archi/page	crossings	11
logical-archi/page	labelOffLine	1
logical-archi/page	labelStraddled	1
logical-archi/page	longDetour	2
logical-archi/page	turnHeavy	2
logical-archi/slide	attachAway	3
logical-archi/slide	crossings	16
logical-archi/slide	jog<=6	1
logical-archi/slide	labelStraddled	3
logical-archi/slide	turnHeavy	5
logical-archi/tall	attachAway	5
logical-archi/tall	crossings	25
logical-archi/tall	jog<=6	1
logical-archi/tall	longDetour	5
logical-archi/tall	nearParallel	2
logical-archi/tall	turnHeavy	6
logical-archi/wide	attachAway	3
logical-archi/wide	crossings	16
logical-archi/wide	jog<=6	1
logical-archi/wide	labelStraddled	3
logical-archi/wide	turnHeavy	5
logical-fr/page	attachAway	2
logical-fr/page	crossings	3
logical-fr/page	jog<=20	1
logical-fr/page	labelOffLine	2
logical-fr/page	labelStraddled	4
logical-fr/page	sideHug	1
logical-fr/slide	attachAway	1
logical-fr/slide	crossings	4
logical-fr/slide	jog<=20	1
logical-fr/slide	jog<=6	1
logical-fr/slide	labelOffLine	2
logical-fr/slide	turnHeavy	2
logical-fr/tall	attachAway	2
logical-fr/tall	crossings	9
logical-fr/tall	jog<=6	1
logical-fr/tall	labelStraddled	4
logical-fr/tall	longDetour	1
logical-fr/tall	titleStruck	1
logical-fr/tall	turnHeavy	1
logical-fr/wide	attachAway	1
logical-fr/wide	crossings	1
logical-fr/wide	jog<=20	2
logical-fr/wide	labelOffLine	1
logical-fr/wide	labelStraddled	3
logical-fr/wide	turnHeavy	3
logical/page	attachAway	1
logical/page	crossings	4
logical/page	jog<=20	1
logical/page	labelOffLine	3
logical/page	labelStraddled	3
logical/slide	attachAway	1
logical/slide	crossings	4
logical/slide	jog<=20	3
logical/slide	labelOffLine	1
logical/slide	labelStraddled	2
logical/slide	turnHeavy	4
logical/tall	attachAway	3
logical/tall	crossings	7
logical/tall	labelOffLine	1
logical/tall	labelStraddled	4
logical/tall	longDetour	1
logical/wide	attachAway	1
logical/wide	crossings	1
logical/wide	jog<=20	2
logical/wide	labelOffLine	2
logical/wide	labelStraddled	2
logical/wide	turnHeavy	3
medium/page	attachAway	1
medium/page	crossings	4
medium/page	jog<=20	1
medium/page	labelOffLine	3
medium/page	labelStraddled	3
medium/slide	attachAway	1
medium/slide	crossings	4
medium/slide	jog<=20	3
medium/slide	labelOffLine	1
medium/slide	labelStraddled	2
medium/slide	turnHeavy	4
medium/tall	attachAway	3
medium/tall	crossings	7
medium/tall	labelOffLine	1
medium/tall	labelStraddled	4
medium/tall	longDetour	1
medium/wide	attachAway	1
medium/wide	crossings	1
medium/wide	jog<=20	2
medium/wide	labelOffLine	2
medium/wide	labelStraddled	2
medium/wide	turnHeavy	3
security-fr/page	attachAway	1
security-fr/page	crossings	1
security-fr/page	labelStraddled	1
security-fr/page	titleStruck	1
security-fr/slide	labelOffLine	2
security-fr/slide	labelStraddled	1
security-fr/tall	attachAway	1
security-fr/tall	crossings	1
security-fr/tall	labelStraddled	1
security-fr/tall	titleStruck	1
security-fr/wide	labelOffLine	2
security-fr/wide	labelStraddled	1
security/page	attachAway	1
security/page	crossings	1
security/page	labelStraddled	2
security/page	titleStruck	2
security/slide	attachTight	1
security/slide	crossings	2
security/slide	fanTangle	1
security/slide	labelOffLine	2
security/slide	labelStraddled	2
security/slide	longDetour	1
security/slide	nearParallel	1
security/slide	turnHeavy	1
security/tall	attachAway	1
security/tall	crossings	1
security/tall	labelStraddled	2
security/tall	titleStruck	2
security/wide	labelOffLine	2
security/wide	labelStraddled	1
small/page	crossings	1
small/page	jog<=6	1
small/slide	turnHeavy	1
small/tall	crossings	1
small/tall	jog<=6	1
small/wide	crossings	1
small/wide	turnHeavy	1
themes/classic-dark/page	attachAway	1
themes/classic-dark/tall	attachAway	1
themes/classic/page	attachAway	1
themes/classic/tall	attachAway	1
themes/contrast/page	attachAway	1
themes/contrast/tall	attachAway	1
themes/dark/page	attachAway	1
themes/dark/tall	attachAway	1
themes/light/page	attachAway	1
themes/light/tall	attachAway	1
themes/nord/page	attachAway	1
themes/nord/tall	attachAway	1
themes/sand/page	attachAway	1
themes/sand/tall	attachAway	1
themes/slate/page	attachAway	1
themes/slate/tall	attachAway	1
themes/solarized/page	attachAway	1
themes/solarized/tall	attachAway	1
