# per-drawing defect floors — regenerate with: npm run sweep -- --update-baseline
application-compact/page	attachAway	2
application-compact/page	crossings	2
application-compact/page	turnHeavy	1
application-compact/slide	crossings	2
application-compact/slide	jog<=20	1
application-compact/slide	jog<=6	1
application-compact/slide	turnHeavy	1
application-compact/tall	attachAway	2
application-compact/tall	crossings	2
application-compact/tall	turnHeavy	1
application-compact/wide	crossings	2
application-compact/wide	jog<=20	1
application-compact/wide	jog<=6	1
application-compact/wide	turnHeavy	1
application-fr/page	crossings	1
application-fr/page	titleStruck	2
application-fr/page	turnHeavy	1
application-fr/slide	attachTight	1
application-fr/slide	crossings	1
application-fr/slide	jog<=20	1
application-fr/slide	jog<=6	1
application-fr/slide	turnHeavy	2
application-fr/tall	crossings	1
application-fr/tall	titleStruck	2
application-fr/tall	turnHeavy	1
application-fr/wide	attachTight	1
application-fr/wide	crossings	2
application-fr/wide	jog<=6	2
application-fr/wide	turnHeavy	2
application-large-fr/page	attachAway	1
application-large-fr/page	crossings	11
application-large-fr/page	jog<=20	1
application-large-fr/page	longDetour	1
application-large-fr/page	titleStruck	9
application-large-fr/page	turnHeavy	4
application-large-fr/slide	attachAway	2
application-large-fr/slide	crossings	12
application-large-fr/slide	jog<=20	2
application-large-fr/slide	labelOffLine	1
application-large-fr/slide	nearParallel	1
application-large-fr/slide	turnHeavy	2
application-large-fr/tall	attachAway	1
application-large-fr/tall	crossings	11
application-large-fr/tall	jog<=20	1
application-large-fr/tall	longDetour	1
application-large-fr/tall	titleStruck	9
application-large-fr/tall	turnHeavy	4
application-large-fr/wide	attachAway	2
application-large-fr/wide	crossings	12
application-large-fr/wide	jog<=20	2
application-large-fr/wide	labelOffLine	1
application-large-fr/wide	nearParallel	1
application-large-fr/wide	turnHeavy	2
application-large/page	attachAway	1
application-large/page	crossings	10
application-large/page	jog<=20	3
application-large/page	longDetour	1
application-large/page	titleStruck	7
application-large/page	turnHeavy	6
application-large/slide	attachAway	1
application-large/slide	crossings	12
application-large/slide	jog<=20	2
application-large/slide	labelOffLine	1
application-large/slide	nearParallel	1
application-large/slide	turnHeavy	2
application-large/tall	attachAway	1
application-large/tall	crossings	10
application-large/tall	jog<=20	3
application-large/tall	longDetour	1
application-large/tall	titleStruck	7
application-large/tall	turnHeavy	6
application-large/wide	attachAway	1
application-large/wide	crossings	12
application-large/wide	jog<=20	2
application-large/wide	labelOffLine	1
application-large/wide	nearParallel	1
application-large/wide	turnHeavy	2
application-medium/page	crossings	2
application-medium/page	jog<=20	2
application-medium/page	nearParallel	1
application-medium/page	turnHeavy	1
application-medium/slide	attachTight	1
application-medium/slide	crossings	1
application-medium/slide	jog<=20	1
application-medium/slide	jog<=6	1
application-medium/slide	turnHeavy	2
application-medium/tall	crossings	2
application-medium/tall	jog<=20	2
application-medium/tall	nearParallel	1
application-medium/tall	turnHeavy	1
application-medium/wide	attachTight	1
application-medium/wide	crossings	2
application-medium/wide	jog<=6	2
application-medium/wide	turnHeavy	2
application-small/page	titleStruck	1
application-small/tall	titleStruck	1
application/page	crossings	2
application/page	jog<=20	2
application/page	nearParallel	1
application/page	turnHeavy	1
application/slide	attachTight	1
application/slide	crossings	1
application/slide	jog<=20	1
application/slide	jog<=6	1
application/slide	turnHeavy	2
application/tall	crossings	2
application/tall	jog<=20	2
application/tall	nearParallel	1
application/tall	turnHeavy	1
application/wide	attachTight	1
application/wide	crossings	2
application/wide	jog<=6	2
application/wide	turnHeavy	2
colors-custom/page	titleStruck	1
colors-custom/tall	titleStruck	1
dispositions/application-large-page/page	attachAway	1
dispositions/application-large-page/page	crossings	10
dispositions/application-large-page/page	jog<=20	3
dispositions/application-large-page/page	longDetour	1
dispositions/application-large-page/page	titleStruck	7
dispositions/application-large-page/page	turnHeavy	6
dispositions/application-large-page/slide	attachAway	1
dispositions/application-large-page/slide	crossings	12
dispositions/application-large-page/slide	jog<=20	2
dispositions/application-large-page/slide	labelOffLine	1
dispositions/application-large-page/slide	nearParallel	1
dispositions/application-large-page/slide	turnHeavy	2
dispositions/application-large-page/tall	attachAway	1
dispositions/application-large-page/tall	crossings	10
dispositions/application-large-page/tall	jog<=20	3
dispositions/application-large-page/tall	longDetour	1
dispositions/application-large-page/tall	titleStruck	7
dispositions/application-large-page/tall	turnHeavy	6
dispositions/application-large-page/wide	attachAway	1
dispositions/application-large-page/wide	crossings	12
dispositions/application-large-page/wide	jog<=20	2
dispositions/application-large-page/wide	labelOffLine	1
dispositions/application-large-page/wide	nearParallel	1
dispositions/application-large-page/wide	turnHeavy	2
dispositions/application-large-slide/page	attachAway	1
dispositions/application-large-slide/page	crossings	10
dispositions/application-large-slide/page	jog<=20	3
dispositions/application-large-slide/page	longDetour	1
dispositions/application-large-slide/page	titleStruck	7
dispositions/application-large-slide/page	turnHeavy	6
dispositions/application-large-slide/slide	attachAway	1
dispositions/application-large-slide/slide	crossings	12
dispositions/application-large-slide/slide	jog<=20	2
dispositions/application-large-slide/slide	labelOffLine	1
dispositions/application-large-slide/slide	nearParallel	1
dispositions/application-large-slide/slide	turnHeavy	2
dispositions/application-large-slide/tall	attachAway	1
dispositions/application-large-slide/tall	crossings	10
dispositions/application-large-slide/tall	jog<=20	3
dispositions/application-large-slide/tall	longDetour	1
dispositions/application-large-slide/tall	titleStruck	7
dispositions/application-large-slide/tall	turnHeavy	6
dispositions/application-large-slide/wide	attachAway	1
dispositions/application-large-slide/wide	crossings	12
dispositions/application-large-slide/wide	jog<=20	2
dispositions/application-large-slide/wide	labelOffLine	1
dispositions/application-large-slide/wide	nearParallel	1
dispositions/application-large-slide/wide	turnHeavy	2
dispositions/application-large-tall/page	attachAway	1
dispositions/application-large-tall/page	crossings	10
dispositions/application-large-tall/page	jog<=20	3
dispositions/application-large-tall/page	longDetour	1
dispositions/application-large-tall/page	titleStruck	7
dispositions/application-large-tall/page	turnHeavy	6
dispositions/application-large-tall/slide	attachAway	1
dispositions/application-large-tall/slide	crossings	12
dispositions/application-large-tall/slide	jog<=20	2
dispositions/application-large-tall/slide	labelOffLine	1
dispositions/application-large-tall/slide	nearParallel	1
dispositions/application-large-tall/slide	turnHeavy	2
dispositions/application-large-tall/tall	attachAway	1
dispositions/application-large-tall/tall	crossings	10
dispositions/application-large-tall/tall	jog<=20	3
dispositions/application-large-tall/tall	longDetour	1
dispositions/application-large-tall/tall	titleStruck	7
dispositions/application-large-tall/tall	turnHeavy	6
dispositions/application-large-tall/wide	attachAway	1
dispositions/application-large-tall/wide	crossings	12
dispositions/application-large-tall/wide	jog<=20	2
dispositions/application-large-tall/wide	labelOffLine	1
dispositions/application-large-tall/wide	nearParallel	1
dispositions/application-large-tall/wide	turnHeavy	2
dispositions/application-medium-page/page	crossings	2
dispositions/application-medium-page/page	jog<=20	2
dispositions/application-medium-page/page	nearParallel	1
dispositions/application-medium-page/page	turnHeavy	1
dispositions/application-medium-page/slide	attachTight	1
dispositions/application-medium-page/slide	crossings	1
dispositions/application-medium-page/slide	jog<=20	1
dispositions/application-medium-page/slide	jog<=6	1
dispositions/application-medium-page/slide	turnHeavy	2
dispositions/application-medium-page/tall	crossings	2
dispositions/application-medium-page/tall	jog<=20	2
dispositions/application-medium-page/tall	nearParallel	1
dispositions/application-medium-page/tall	turnHeavy	1
dispositions/application-medium-page/wide	attachTight	1
dispositions/application-medium-page/wide	crossings	2
dispositions/application-medium-page/wide	jog<=6	2
dispositions/application-medium-page/wide	turnHeavy	2
dispositions/application-medium-slide/page	crossings	2
dispositions/application-medium-slide/page	jog<=20	2
dispositions/application-medium-slide/page	nearParallel	1
dispositions/application-medium-slide/page	turnHeavy	1
dispositions/application-medium-slide/slide	attachTight	1
dispositions/application-medium-slide/slide	crossings	1
dispositions/application-medium-slide/slide	jog<=20	1
dispositions/application-medium-slide/slide	jog<=6	1
dispositions/application-medium-slide/slide	turnHeavy	2
dispositions/application-medium-slide/tall	crossings	2
dispositions/application-medium-slide/tall	jog<=20	2
dispositions/application-medium-slide/tall	nearParallel	1
dispositions/application-medium-slide/tall	turnHeavy	1
dispositions/application-medium-slide/wide	attachTight	1
dispositions/application-medium-slide/wide	crossings	2
dispositions/application-medium-slide/wide	jog<=6	2
dispositions/application-medium-slide/wide	turnHeavy	2
dispositions/application-medium-tall/page	crossings	2
dispositions/application-medium-tall/page	jog<=20	2
dispositions/application-medium-tall/page	nearParallel	1
dispositions/application-medium-tall/page	turnHeavy	1
dispositions/application-medium-tall/slide	attachTight	1
dispositions/application-medium-tall/slide	crossings	1
dispositions/application-medium-tall/slide	jog<=20	1
dispositions/application-medium-tall/slide	jog<=6	1
dispositions/application-medium-tall/slide	turnHeavy	2
dispositions/application-medium-tall/tall	crossings	2
dispositions/application-medium-tall/tall	jog<=20	2
dispositions/application-medium-tall/tall	nearParallel	1
dispositions/application-medium-tall/tall	turnHeavy	1
dispositions/application-medium-tall/wide	attachTight	1
dispositions/application-medium-tall/wide	crossings	2
dispositions/application-medium-tall/wide	jog<=6	2
dispositions/application-medium-tall/wide	turnHeavy	2
dispositions/application-small-page/page	titleStruck	1
dispositions/application-small-page/tall	titleStruck	1
dispositions/application-small-slide/page	titleStruck	1
dispositions/application-small-slide/tall	titleStruck	1
dispositions/application-small-tall/page	titleStruck	1
dispositions/application-small-tall/tall	titleStruck	1
dispositions/infrastructure-large-page/page	attachAway	2
dispositions/infrastructure-large-page/page	crossings	3
dispositions/infrastructure-large-page/page	titleStruck	10
dispositions/infrastructure-large-page/page	turnHeavy	3
dispositions/infrastructure-large-page/slide	attachAway	2
dispositions/infrastructure-large-page/slide	crossings	2
dispositions/infrastructure-large-page/slide	turnHeavy	2
dispositions/infrastructure-large-page/tall	attachAway	2
dispositions/infrastructure-large-page/tall	crossings	3
dispositions/infrastructure-large-page/tall	titleStruck	10
dispositions/infrastructure-large-page/tall	turnHeavy	3
dispositions/infrastructure-large-page/wide	attachAway	2
dispositions/infrastructure-large-page/wide	crossings	2
dispositions/infrastructure-large-page/wide	turnHeavy	2
dispositions/infrastructure-large-slide/page	attachAway	2
dispositions/infrastructure-large-slide/page	crossings	3
dispositions/infrastructure-large-slide/page	titleStruck	10
dispositions/infrastructure-large-slide/page	turnHeavy	3
dispositions/infrastructure-large-slide/slide	attachAway	2
dispositions/infrastructure-large-slide/slide	crossings	2
dispositions/infrastructure-large-slide/slide	turnHeavy	2
dispositions/infrastructure-large-slide/tall	attachAway	2
dispositions/infrastructure-large-slide/tall	crossings	3
dispositions/infrastructure-large-slide/tall	titleStruck	10
dispositions/infrastructure-large-slide/tall	turnHeavy	3
dispositions/infrastructure-large-slide/wide	attachAway	2
dispositions/infrastructure-large-slide/wide	crossings	2
dispositions/infrastructure-large-slide/wide	turnHeavy	2
dispositions/infrastructure-large-tall/page	attachAway	2
dispositions/infrastructure-large-tall/page	crossings	3
dispositions/infrastructure-large-tall/page	titleStruck	10
dispositions/infrastructure-large-tall/page	turnHeavy	3
dispositions/infrastructure-large-tall/slide	attachAway	2
dispositions/infrastructure-large-tall/slide	crossings	2
dispositions/infrastructure-large-tall/slide	turnHeavy	2
dispositions/infrastructure-large-tall/tall	attachAway	2
dispositions/infrastructure-large-tall/tall	crossings	3
dispositions/infrastructure-large-tall/tall	titleStruck	10
dispositions/infrastructure-large-tall/tall	turnHeavy	3
dispositions/infrastructure-large-tall/wide	attachAway	2
dispositions/infrastructure-large-tall/wide	crossings	2
dispositions/infrastructure-large-tall/wide	turnHeavy	2
dispositions/infrastructure-large-wide/page	attachAway	2
dispositions/infrastructure-large-wide/page	crossings	3
dispositions/infrastructure-large-wide/page	titleStruck	10
dispositions/infrastructure-large-wide/page	turnHeavy	3
dispositions/infrastructure-large-wide/slide	attachAway	2
dispositions/infrastructure-large-wide/slide	crossings	2
dispositions/infrastructure-large-wide/slide	turnHeavy	2
dispositions/infrastructure-large-wide/tall	attachAway	2
dispositions/infrastructure-large-wide/tall	crossings	3
dispositions/infrastructure-large-wide/tall	titleStruck	10
dispositions/infrastructure-large-wide/tall	turnHeavy	3
dispositions/infrastructure-large-wide/wide	attachAway	2
dispositions/infrastructure-large-wide/wide	crossings	2
dispositions/infrastructure-large-wide/wide	turnHeavy	2
dispositions/infrastructure-medium-page/page	crossings	1
dispositions/infrastructure-medium-page/page	titleStruck	2
dispositions/infrastructure-medium-page/tall	crossings	1
dispositions/infrastructure-medium-page/tall	titleStruck	2
dispositions/infrastructure-medium-slide/page	crossings	1
dispositions/infrastructure-medium-slide/page	titleStruck	2
dispositions/infrastructure-medium-slide/tall	crossings	1
dispositions/infrastructure-medium-slide/tall	titleStruck	2
dispositions/infrastructure-medium-tall/page	crossings	1
dispositions/infrastructure-medium-tall/page	titleStruck	2
dispositions/infrastructure-medium-tall/tall	crossings	1
dispositions/infrastructure-medium-tall/tall	titleStruck	2
dispositions/infrastructure-medium-wide/page	crossings	1
dispositions/infrastructure-medium-wide/page	titleStruck	2
dispositions/infrastructure-medium-wide/tall	crossings	1
dispositions/infrastructure-medium-wide/tall	titleStruck	2
dispositions/infrastructure-small-page/page	titleStruck	3
dispositions/infrastructure-small-page/tall	titleStruck	2
dispositions/infrastructure-small-slide/page	titleStruck	3
dispositions/infrastructure-small-slide/tall	titleStruck	2
dispositions/infrastructure-small-tall/page	titleStruck	3
dispositions/infrastructure-small-tall/tall	titleStruck	2
dispositions/large-page/page	attachAway	3
dispositions/large-page/page	crossings	101
dispositions/large-page/page	fanTangle	3
dispositions/large-page/page	jog<=20	4
dispositions/large-page/page	jog<=6	1
dispositions/large-page/page	longDetour	7
dispositions/large-page/page	nearParallel	1
dispositions/large-page/page	titleStruck	14
dispositions/large-page/page	turnHeavy	17
dispositions/large-page/slide	attachAway	13
dispositions/large-page/slide	crossings	265
dispositions/large-page/slide	jog<=20	7
dispositions/large-page/slide	jog<=6	2
dispositions/large-page/slide	longDetour	12
dispositions/large-page/slide	nearParallel	3
dispositions/large-page/slide	throughContainer	2
dispositions/large-page/slide	turnHeavy	22
dispositions/large-page/tall	attachAway	3
dispositions/large-page/tall	crossings	101
dispositions/large-page/tall	fanTangle	3
dispositions/large-page/tall	jog<=20	4
dispositions/large-page/tall	jog<=6	1
dispositions/large-page/tall	longDetour	7
dispositions/large-page/tall	nearParallel	1
dispositions/large-page/tall	titleStruck	14
dispositions/large-page/tall	turnHeavy	17
dispositions/large-page/wide	attachAway	4
dispositions/large-page/wide	crossings	87
dispositions/large-page/wide	fanTangle	3
dispositions/large-page/wide	jog<=20	6
dispositions/large-page/wide	jog<=6	3
dispositions/large-page/wide	labelOffLine	1
dispositions/large-page/wide	longDetour	1
dispositions/large-page/wide	nearParallel	1
dispositions/large-page/wide	throughContainer	2
dispositions/large-page/wide	titleStruck	2
dispositions/large-page/wide	turnHeavy	20
dispositions/large-slide/page	attachAway	3
dispositions/large-slide/page	crossings	101
dispositions/large-slide/page	fanTangle	3
dispositions/large-slide/page	jog<=20	4
dispositions/large-slide/page	jog<=6	1
dispositions/large-slide/page	longDetour	7
dispositions/large-slide/page	nearParallel	1
dispositions/large-slide/page	titleStruck	14
dispositions/large-slide/page	turnHeavy	17
dispositions/large-slide/slide	attachAway	13
dispositions/large-slide/slide	crossings	265
dispositions/large-slide/slide	jog<=20	7
dispositions/large-slide/slide	jog<=6	2
dispositions/large-slide/slide	longDetour	12
dispositions/large-slide/slide	nearParallel	3
dispositions/large-slide/slide	throughContainer	2
dispositions/large-slide/slide	turnHeavy	22
dispositions/large-slide/tall	attachAway	3
dispositions/large-slide/tall	crossings	101
dispositions/large-slide/tall	fanTangle	3
dispositions/large-slide/tall	jog<=20	4
dispositions/large-slide/tall	jog<=6	1
dispositions/large-slide/tall	longDetour	7
dispositions/large-slide/tall	nearParallel	1
dispositions/large-slide/tall	titleStruck	14
dispositions/large-slide/tall	turnHeavy	17
dispositions/large-slide/wide	attachAway	4
dispositions/large-slide/wide	crossings	87
dispositions/large-slide/wide	fanTangle	3
dispositions/large-slide/wide	jog<=20	6
dispositions/large-slide/wide	jog<=6	3
dispositions/large-slide/wide	labelOffLine	1
dispositions/large-slide/wide	longDetour	1
dispositions/large-slide/wide	nearParallel	1
dispositions/large-slide/wide	throughContainer	2
dispositions/large-slide/wide	titleStruck	2
dispositions/large-slide/wide	turnHeavy	20
dispositions/large-tall/page	attachAway	3
dispositions/large-tall/page	crossings	101
dispositions/large-tall/page	fanTangle	3
dispositions/large-tall/page	jog<=20	4
dispositions/large-tall/page	jog<=6	1
dispositions/large-tall/page	longDetour	7
dispositions/large-tall/page	nearParallel	1
dispositions/large-tall/page	titleStruck	14
dispositions/large-tall/page	turnHeavy	17
dispositions/large-tall/slide	attachAway	13
dispositions/large-tall/slide	crossings	265
dispositions/large-tall/slide	jog<=20	7
dispositions/large-tall/slide	jog<=6	2
dispositions/large-tall/slide	longDetour	12
dispositions/large-tall/slide	nearParallel	3
dispositions/large-tall/slide	throughContainer	2
dispositions/large-tall/slide	turnHeavy	22
dispositions/large-tall/tall	attachAway	3
dispositions/large-tall/tall	crossings	101
dispositions/large-tall/tall	fanTangle	3
dispositions/large-tall/tall	jog<=20	4
dispositions/large-tall/tall	jog<=6	1
dispositions/large-tall/tall	longDetour	7
dispositions/large-tall/tall	nearParallel	1
dispositions/large-tall/tall	titleStruck	14
dispositions/large-tall/tall	turnHeavy	17
dispositions/large-tall/wide	attachAway	4
dispositions/large-tall/wide	crossings	87
dispositions/large-tall/wide	fanTangle	3
dispositions/large-tall/wide	jog<=20	6
dispositions/large-tall/wide	jog<=6	3
dispositions/large-tall/wide	labelOffLine	1
dispositions/large-tall/wide	longDetour	1
dispositions/large-tall/wide	nearParallel	1
dispositions/large-tall/wide	throughContainer	2
dispositions/large-tall/wide	titleStruck	2
dispositions/large-tall/wide	turnHeavy	20
dispositions/medium-page/page	attachAway	1
dispositions/medium-page/page	crossings	1
dispositions/medium-page/page	jog<=20	3
dispositions/medium-page/page	labelOffLine	2
dispositions/medium-page/page	titleStruck	8
dispositions/medium-page/page	turnHeavy	2
dispositions/medium-page/slide	crossings	6
dispositions/medium-page/slide	fanTangle	1
dispositions/medium-page/slide	jog<=6	1
dispositions/medium-page/slide	labelOffLine	1
dispositions/medium-page/slide	nearParallel	1
dispositions/medium-page/slide	throughContainer	1
dispositions/medium-page/slide	turnHeavy	2
dispositions/medium-page/tall	attachAway	1
dispositions/medium-page/tall	crossings	4
dispositions/medium-page/tall	jog<=20	4
dispositions/medium-page/tall	titleStruck	8
dispositions/medium-page/tall	turnHeavy	5
dispositions/medium-page/wide	crossings	1
dispositions/medium-page/wide	jog<=20	2
dispositions/medium-page/wide	labelOffLine	1
dispositions/medium-page/wide	throughContainer	1
dispositions/medium-page/wide	titleStruck	1
dispositions/medium-page/wide	turnHeavy	3
dispositions/medium-slide/page	attachAway	1
dispositions/medium-slide/page	crossings	1
dispositions/medium-slide/page	jog<=20	3
dispositions/medium-slide/page	labelOffLine	2
dispositions/medium-slide/page	titleStruck	8
dispositions/medium-slide/page	turnHeavy	2
dispositions/medium-slide/slide	crossings	6
dispositions/medium-slide/slide	fanTangle	1
dispositions/medium-slide/slide	jog<=6	1
dispositions/medium-slide/slide	labelOffLine	1
dispositions/medium-slide/slide	nearParallel	1
dispositions/medium-slide/slide	throughContainer	1
dispositions/medium-slide/slide	turnHeavy	2
dispositions/medium-slide/tall	attachAway	1
dispositions/medium-slide/tall	crossings	4
dispositions/medium-slide/tall	jog<=20	4
dispositions/medium-slide/tall	titleStruck	8
dispositions/medium-slide/tall	turnHeavy	5
dispositions/medium-slide/wide	crossings	1
dispositions/medium-slide/wide	jog<=20	2
dispositions/medium-slide/wide	labelOffLine	1
dispositions/medium-slide/wide	throughContainer	1
dispositions/medium-slide/wide	titleStruck	1
dispositions/medium-slide/wide	turnHeavy	3
dispositions/medium-tall/page	attachAway	1
dispositions/medium-tall/page	crossings	1
dispositions/medium-tall/page	jog<=20	3
dispositions/medium-tall/page	labelOffLine	2
dispositions/medium-tall/page	titleStruck	8
dispositions/medium-tall/page	turnHeavy	2
dispositions/medium-tall/slide	crossings	6
dispositions/medium-tall/slide	fanTangle	1
dispositions/medium-tall/slide	jog<=6	1
dispositions/medium-tall/slide	labelOffLine	1
dispositions/medium-tall/slide	nearParallel	1
dispositions/medium-tall/slide	throughContainer	1
dispositions/medium-tall/slide	turnHeavy	2
dispositions/medium-tall/tall	attachAway	1
dispositions/medium-tall/tall	crossings	4
dispositions/medium-tall/tall	jog<=20	4
dispositions/medium-tall/tall	titleStruck	8
dispositions/medium-tall/tall	turnHeavy	5
dispositions/medium-tall/wide	crossings	1
dispositions/medium-tall/wide	jog<=20	2
dispositions/medium-tall/wide	labelOffLine	1
dispositions/medium-tall/wide	throughContainer	1
dispositions/medium-tall/wide	titleStruck	1
dispositions/medium-tall/wide	turnHeavy	3
dispositions/small-page/page	attachAway	1
dispositions/small-page/page	titleStruck	3
dispositions/small-page/slide	turnHeavy	1
dispositions/small-page/tall	attachAway	1
dispositions/small-page/tall	titleStruck	3
dispositions/small-page/wide	crossings	1
dispositions/small-page/wide	turnHeavy	1
dispositions/small-slide/page	attachAway	1
dispositions/small-slide/page	titleStruck	3
dispositions/small-slide/slide	turnHeavy	1
dispositions/small-slide/tall	attachAway	1
dispositions/small-slide/tall	titleStruck	3
dispositions/small-slide/wide	crossings	1
dispositions/small-slide/wide	turnHeavy	1
dispositions/small-tall/page	attachAway	1
dispositions/small-tall/page	titleStruck	3
dispositions/small-tall/slide	turnHeavy	1
dispositions/small-tall/tall	attachAway	1
dispositions/small-tall/tall	titleStruck	3
dispositions/small-tall/wide	crossings	1
dispositions/small-tall/wide	turnHeavy	1
infrastructure-compact/page	crossings	1
infrastructure-compact/page	titleStruck	5
infrastructure-compact/page	turnHeavy	2
infrastructure-compact/slide	turnHeavy	1
infrastructure-compact/tall	crossings	1
infrastructure-compact/tall	titleStruck	5
infrastructure-compact/tall	turnHeavy	2
infrastructure-compact/wide	turnHeavy	1
infrastructure-fr/page	crossings	1
infrastructure-fr/page	titleStruck	6
infrastructure-fr/page	turnHeavy	2
infrastructure-fr/slide	turnHeavy	1
infrastructure-fr/tall	crossings	1
infrastructure-fr/tall	titleStruck	6
infrastructure-fr/tall	turnHeavy	2
infrastructure-fr/wide	turnHeavy	1
infrastructure-large-fr/page	attachAway	2
infrastructure-large-fr/page	attachTight	1
infrastructure-large-fr/page	crossings	4
infrastructure-large-fr/page	nearParallel	1
infrastructure-large-fr/page	titleStruck	12
infrastructure-large-fr/page	turnHeavy	3
infrastructure-large-fr/slide	attachAway	2
infrastructure-large-fr/slide	crossings	2
infrastructure-large-fr/slide	turnHeavy	2
infrastructure-large-fr/tall	attachAway	2
infrastructure-large-fr/tall	attachTight	1
infrastructure-large-fr/tall	crossings	4
infrastructure-large-fr/tall	nearParallel	1
infrastructure-large-fr/tall	titleStruck	12
infrastructure-large-fr/tall	turnHeavy	3
infrastructure-large-fr/wide	attachAway	2
infrastructure-large-fr/wide	crossings	2
infrastructure-large-fr/wide	turnHeavy	2
infrastructure-large/page	attachAway	2
infrastructure-large/page	crossings	3
infrastructure-large/page	titleStruck	10
infrastructure-large/page	turnHeavy	3
infrastructure-large/slide	attachAway	2
infrastructure-large/slide	crossings	2
infrastructure-large/slide	turnHeavy	2
infrastructure-large/tall	attachAway	2
infrastructure-large/tall	crossings	3
infrastructure-large/tall	titleStruck	10
infrastructure-large/tall	turnHeavy	3
infrastructure-large/wide	attachAway	2
infrastructure-large/wide	crossings	2
infrastructure-large/wide	turnHeavy	2
infrastructure-medium/page	crossings	1
infrastructure-medium/page	titleStruck	2
infrastructure-medium/tall	crossings	1
infrastructure-medium/tall	titleStruck	2
infrastructure-small/page	titleStruck	3
infrastructure-small/tall	titleStruck	2
infrastructure/page	crossings	1
infrastructure/page	titleStruck	4
infrastructure/page	turnHeavy	2
infrastructure/slide	turnHeavy	1
infrastructure/tall	crossings	1
infrastructure/tall	titleStruck	4
infrastructure/tall	turnHeavy	2
infrastructure/wide	turnHeavy	1
large-fr/page	attachAway	3
large-fr/page	crossings	80
large-fr/page	fanTangle	2
large-fr/page	jog<=20	3
large-fr/page	jog<=6	1
large-fr/page	longDetour	6
large-fr/page	throughContainer	1
large-fr/page	titleStruck	13
large-fr/page	turnHeavy	16
large-fr/slide	attachAway	11
large-fr/slide	crossings	265
large-fr/slide	jog<=20	7
large-fr/slide	jog<=6	2
large-fr/slide	longDetour	11
large-fr/slide	nearParallel	3
large-fr/slide	throughContainer	2
large-fr/slide	turnHeavy	21
large-fr/tall	attachAway	3
large-fr/tall	crossings	87
large-fr/tall	fanTangle	2
large-fr/tall	jog<=6	1
large-fr/tall	longDetour	6
large-fr/tall	titleStruck	7
large-fr/tall	turnHeavy	13
large-fr/wide	attachAway	6
large-fr/wide	crossings	95
large-fr/wide	fanTangle	2
large-fr/wide	jog<=20	5
large-fr/wide	jog<=6	3
large-fr/wide	labelOffLine	1
large-fr/wide	longDetour	1
large-fr/wide	nearParallel	1
large-fr/wide	throughContainer	1
large-fr/wide	turnHeavy	17
large-numbered/page	attachAway	2
large-numbered/page	crossings	88
large-numbered/page	fanTangle	3
large-numbered/page	jog<=20	1
large-numbered/page	jog<=6	2
large-numbered/page	longDetour	2
large-numbered/page	throughContainer	1
large-numbered/page	titleStruck	12
large-numbered/page	turnHeavy	19
large-numbered/slide	attachAway	6
large-numbered/slide	attachTight	1
large-numbered/slide	crossings	102
large-numbered/slide	fanTangle	2
large-numbered/slide	jog<=20	3
large-numbered/slide	jog<=6	3
large-numbered/slide	longDetour	1
large-numbered/slide	nearParallel	1
large-numbered/slide	throughContainer	1
large-numbered/slide	turnHeavy	21
large-numbered/tall	attachAway	2
large-numbered/tall	crossings	88
large-numbered/tall	fanTangle	3
large-numbered/tall	jog<=20	1
large-numbered/tall	jog<=6	2
large-numbered/tall	longDetour	2
large-numbered/tall	throughContainer	1
large-numbered/tall	titleStruck	12
large-numbered/tall	turnHeavy	19
large-numbered/wide	attachAway	6
large-numbered/wide	attachTight	1
large-numbered/wide	crossings	95
large-numbered/wide	fanTangle	2
large-numbered/wide	jog<=20	3
large-numbered/wide	jog<=6	3
large-numbered/wide	longDetour	1
large-numbered/wide	nearParallel	1
large-numbered/wide	throughContainer	1
large-numbered/wide	turnHeavy	21
large/page	attachAway	3
large/page	crossings	101
large/page	fanTangle	3
large/page	jog<=20	4
large/page	jog<=6	1
large/page	longDetour	7
large/page	nearParallel	1
large/page	titleStruck	14
large/page	turnHeavy	17
large/slide	attachAway	13
large/slide	crossings	265
large/slide	jog<=20	7
large/slide	jog<=6	2
large/slide	longDetour	12
large/slide	nearParallel	3
large/slide	throughContainer	2
large/slide	turnHeavy	22
large/tall	attachAway	3
large/tall	crossings	101
large/tall	fanTangle	3
large/tall	jog<=20	4
large/tall	jog<=6	1
large/tall	longDetour	7
large/tall	nearParallel	1
large/tall	titleStruck	14
large/tall	turnHeavy	17
large/wide	attachAway	4
large/wide	crossings	87
large/wide	fanTangle	3
large/wide	jog<=20	6
large/wide	jog<=6	3
large/wide	labelOffLine	1
large/wide	longDetour	1
large/wide	nearParallel	1
large/wide	throughContainer	2
large/wide	titleStruck	2
large/wide	turnHeavy	20
logical-archi/page	attachAway	4
logical-archi/page	crossings	25
logical-archi/page	longDetour	4
logical-archi/page	nearParallel	1
logical-archi/page	titleStruck	3
logical-archi/page	turnHeavy	5
logical-archi/slide	attachAway	3
logical-archi/slide	crossings	20
logical-archi/slide	jog<=6	1
logical-archi/slide	throughContainer	1
logical-archi/slide	titleStruck	1
logical-archi/slide	turnHeavy	6
logical-archi/tall	attachAway	4
logical-archi/tall	crossings	25
logical-archi/tall	jog<=6	1
logical-archi/tall	longDetour	5
logical-archi/tall	nearParallel	2
logical-archi/tall	titleStruck	3
logical-archi/tall	turnHeavy	6
logical-archi/wide	attachAway	3
logical-archi/wide	crossings	20
logical-archi/wide	jog<=6	1
logical-archi/wide	throughContainer	1
logical-archi/wide	titleStruck	1
logical-archi/wide	turnHeavy	6
logical-fr/page	attachAway	1
logical-fr/page	crossings	4
logical-fr/page	jog<=20	4
logical-fr/page	labelOffLine	1
logical-fr/page	titleStruck	9
logical-fr/page	turnHeavy	4
logical-fr/slide	crossings	6
logical-fr/slide	fanTangle	1
logical-fr/slide	jog<=6	1
logical-fr/slide	labelOffLine	1
logical-fr/slide	nearParallel	1
logical-fr/slide	throughContainer	1
logical-fr/slide	turnHeavy	2
logical-fr/tall	attachAway	1
logical-fr/tall	crossings	5
logical-fr/tall	titleStruck	7
logical-fr/tall	turnHeavy	2
logical-fr/wide	crossings	1
logical-fr/wide	jog<=20	2
logical-fr/wide	labelOffLine	1
logical-fr/wide	throughContainer	1
logical-fr/wide	titleStruck	1
logical-fr/wide	turnHeavy	3
logical/page	attachAway	1
logical/page	crossings	1
logical/page	jog<=20	3
logical/page	labelOffLine	2
logical/page	titleStruck	8
logical/page	turnHeavy	2
logical/slide	crossings	6
logical/slide	fanTangle	1
logical/slide	jog<=6	1
logical/slide	labelOffLine	1
logical/slide	nearParallel	1
logical/slide	throughContainer	1
logical/slide	turnHeavy	2
logical/tall	attachAway	1
logical/tall	crossings	4
logical/tall	jog<=20	4
logical/tall	titleStruck	8
logical/tall	turnHeavy	5
logical/wide	crossings	1
logical/wide	jog<=20	2
logical/wide	labelOffLine	1
logical/wide	throughContainer	1
logical/wide	titleStruck	1
logical/wide	turnHeavy	3
medium/page	attachAway	1
medium/page	crossings	1
medium/page	jog<=20	3
medium/page	labelOffLine	2
medium/page	titleStruck	8
medium/page	turnHeavy	2
medium/slide	crossings	6
medium/slide	fanTangle	1
medium/slide	jog<=6	1
medium/slide	labelOffLine	1
medium/slide	nearParallel	1
medium/slide	throughContainer	1
medium/slide	turnHeavy	2
medium/tall	attachAway	1
medium/tall	crossings	4
medium/tall	jog<=20	4
medium/tall	titleStruck	8
medium/tall	turnHeavy	5
medium/wide	crossings	1
medium/wide	jog<=20	2
medium/wide	labelOffLine	1
medium/wide	throughContainer	1
medium/wide	titleStruck	1
medium/wide	turnHeavy	3
security-fr/page	labelOffLine	1
security-fr/page	titleStruck	4
security-fr/slide	labelOffLine	2
security-fr/tall	labelOffLine	1
security-fr/tall	titleStruck	4
security-fr/wide	labelOffLine	2
security/page	attachAway	1
security/page	crossings	1
security/page	titleStruck	2
security/slide	attachTight	1
security/slide	crossings	2
security/slide	fanTangle	1
security/slide	labelOffLine	2
security/slide	longDetour	1
security/slide	nearParallel	1
security/slide	turnHeavy	1
security/tall	attachAway	1
security/tall	crossings	1
security/tall	titleStruck	2
security/wide	labelOffLine	2
small/page	attachAway	1
small/page	titleStruck	3
small/slide	turnHeavy	1
small/tall	attachAway	1
small/tall	titleStruck	3
small/wide	crossings	1
small/wide	turnHeavy	1
theme-dark/page	titleStruck	3
theme-dark/tall	titleStruck	3
theme-light/page	titleStruck	3
theme-light/tall	titleStruck	3
themes/classic-dark/page	titleStruck	2
themes/classic-dark/tall	titleStruck	2
themes/classic/page	titleStruck	2
themes/classic/tall	titleStruck	2
themes/contrast/page	titleStruck	2
themes/contrast/tall	titleStruck	2
themes/dark/page	titleStruck	2
themes/dark/tall	titleStruck	2
themes/light/page	titleStruck	2
themes/light/tall	titleStruck	2
themes/nord/page	titleStruck	2
themes/nord/tall	titleStruck	2
themes/sand/page	titleStruck	2
themes/sand/tall	titleStruck	2
themes/slate/page	titleStruck	2
themes/slate/tall	titleStruck	2
themes/solarized/page	titleStruck	2
themes/solarized/tall	titleStruck	2
