# per-drawing defect floors — regenerate with: npm run sweep -- --update-baseline
application-compact/page	attachAway	3
application-compact/page	crossings	4
application-compact/page	turnHeavy	2
application-compact/slide	attachAway	1
application-compact/slide	crossings	3
application-compact/slide	jog<=20	1
application-compact/slide	longDetour	1
application-compact/slide	turnHeavy	2
application-compact/tall	attachAway	3
application-compact/tall	crossings	4
application-compact/tall	turnHeavy	2
application-compact/wide	attachAway	1
application-compact/wide	crossings	2
application-compact/wide	longDetour	1
application-compact/wide	turnHeavy	3
application-fr/page	attachAway	1
application-fr/page	crossings	3
application-fr/page	turnHeavy	1
application-fr/slide	attachAway	1
application-fr/slide	crossings	3
application-fr/slide	longDetour	1
application-fr/slide	turnHeavy	2
application-fr/tall	attachAway	1
application-fr/tall	crossings	3
application-fr/tall	turnHeavy	1
application-fr/wide	attachAway	1
application-fr/wide	crossings	2
application-fr/wide	jog<=6	1
application-fr/wide	longDetour	1
application-fr/wide	turnHeavy	4
application-gateway-auth/page	crossings	1
application-gateway-auth/tall	crossings	1
application-large-fr/page	crossings	8
application-large-fr/page	labelStraddled	1
application-large-fr/page	nearParallel	1
application-large-fr/slide	attachAway	1
application-large-fr/slide	crossings	12
application-large-fr/slide	jog<=20	1
application-large-fr/slide	turnHeavy	3
application-large-fr/tall	crossings	8
application-large-fr/tall	labelStraddled	1
application-large-fr/tall	nearParallel	1
application-large-fr/wide	attachAway	3
application-large-fr/wide	crossings	9
application-large-fr/wide	jog<=20	1
application-large-fr/wide	labelOffLine	2
application-large-fr/wide	turnHeavy	5
application-large/page	crossings	7
application-large/page	labelStraddled	3
application-large/slide	crossings	8
application-large/slide	labelOffLine	1
application-large/slide	turnHeavy	1
application-large/tall	crossings	7
application-large/tall	labelStraddled	3
application-large/wide	attachAway	3
application-large/wide	crossings	9
application-large/wide	jog<=6	1
application-large/wide	labelOffLine	2
application-large/wide	turnHeavy	5
application-medium/page	attachAway	1
application-medium/page	crossings	2
application-medium/page	labelStraddled	1
application-medium/page	turnHeavy	2
application-medium/slide	attachAway	3
application-medium/slide	crossings	6
application-medium/slide	longDetour	1
application-medium/slide	turnHeavy	3
application-medium/tall	attachAway	1
application-medium/tall	crossings	2
application-medium/tall	labelStraddled	1
application-medium/tall	turnHeavy	2
application-medium/wide	attachAway	3
application-medium/wide	crossings	6
application-medium/wide	longDetour	1
application-medium/wide	turnHeavy	3
application-queue-messaging/page	jog<=20	1
application-queue-messaging/page	turnHeavy	1
application-queue-messaging/slide	labelOffLine	1
application-queue-messaging/tall	jog<=20	1
application-queue-messaging/tall	turnHeavy	1
application-queue-messaging/wide	labelOffLine	1
application-small/slide	turnHeavy	1
application-small/wide	turnHeavy	1
application-tech-stack/page	attachAway	1
application-tech-stack/page	crossings	3
application-tech-stack/page	turnHeavy	1
application-tech-stack/slide	attachAway	1
application-tech-stack/slide	crossings	1
application-tech-stack/slide	jog<=20	2
application-tech-stack/slide	labelOffLine	1
application-tech-stack/slide	turnHeavy	1
application-tech-stack/tall	attachAway	1
application-tech-stack/tall	crossings	3
application-tech-stack/tall	turnHeavy	1
application-tech-stack/wide	attachAway	1
application-tech-stack/wide	crossings	1
application-tech-stack/wide	jog<=20	2
application-tech-stack/wide	labelOffLine	1
application-tech-stack/wide	turnHeavy	1
application/page	attachAway	2
application/page	crossings	3
application/page	turnHeavy	1
application/slide	crossings	2
application/slide	jog<=20	1
application/slide	jog<=6	1
application/slide	turnHeavy	3
application/tall	attachAway	2
application/tall	crossings	3
application/tall	turnHeavy	1
application/wide	crossings	2
application/wide	jog<=20	1
application/wide	jog<=6	1
application/wide	turnHeavy	3
dispositions/application-large-page/page	attachAway	1
dispositions/application-large-page/page	crossings	8
dispositions/application-large-page/slide	attachAway	3
dispositions/application-large-page/slide	crossings	9
dispositions/application-large-page/slide	jog<=6	1
dispositions/application-large-page/slide	labelOffLine	2
dispositions/application-large-page/slide	turnHeavy	5
dispositions/application-large-page/tall	attachAway	1
dispositions/application-large-page/tall	crossings	8
dispositions/application-large-page/wide	attachAway	3
dispositions/application-large-page/wide	crossings	9
dispositions/application-large-page/wide	jog<=6	1
dispositions/application-large-page/wide	labelOffLine	2
dispositions/application-large-page/wide	turnHeavy	5
dispositions/application-large-slide/page	attachAway	1
dispositions/application-large-slide/page	crossings	8
dispositions/application-large-slide/slide	attachAway	3
dispositions/application-large-slide/slide	crossings	9
dispositions/application-large-slide/slide	jog<=6	1
dispositions/application-large-slide/slide	labelOffLine	2
dispositions/application-large-slide/slide	turnHeavy	5
dispositions/application-large-slide/tall	attachAway	1
dispositions/application-large-slide/tall	crossings	8
dispositions/application-large-slide/wide	attachAway	3
dispositions/application-large-slide/wide	crossings	9
dispositions/application-large-slide/wide	jog<=6	1
dispositions/application-large-slide/wide	labelOffLine	2
dispositions/application-large-slide/wide	turnHeavy	5
dispositions/application-large-tall/page	attachAway	1
dispositions/application-large-tall/page	crossings	8
dispositions/application-large-tall/slide	attachAway	3
dispositions/application-large-tall/slide	crossings	9
dispositions/application-large-tall/slide	jog<=6	1
dispositions/application-large-tall/slide	labelOffLine	2
dispositions/application-large-tall/slide	turnHeavy	5
dispositions/application-large-tall/tall	attachAway	1
dispositions/application-large-tall/tall	crossings	8
dispositions/application-large-tall/wide	attachAway	3
dispositions/application-large-tall/wide	crossings	9
dispositions/application-large-tall/wide	jog<=6	1
dispositions/application-large-tall/wide	labelOffLine	2
dispositions/application-large-tall/wide	turnHeavy	5
dispositions/application-medium-page/page	attachAway	1
dispositions/application-medium-page/page	crossings	3
dispositions/application-medium-page/page	turnHeavy	1
dispositions/application-medium-page/slide	crossings	2
dispositions/application-medium-page/slide	jog<=20	1
dispositions/application-medium-page/slide	jog<=6	1
dispositions/application-medium-page/slide	turnHeavy	3
dispositions/application-medium-page/tall	attachAway	1
dispositions/application-medium-page/tall	crossings	3
dispositions/application-medium-page/tall	turnHeavy	1
dispositions/application-medium-page/wide	crossings	2
dispositions/application-medium-page/wide	jog<=20	1
dispositions/application-medium-page/wide	jog<=6	1
dispositions/application-medium-page/wide	turnHeavy	3
dispositions/application-medium-slide/page	attachAway	1
dispositions/application-medium-slide/page	crossings	3
dispositions/application-medium-slide/page	turnHeavy	1
dispositions/application-medium-slide/slide	crossings	2
dispositions/application-medium-slide/slide	jog<=20	1
dispositions/application-medium-slide/slide	jog<=6	1
dispositions/application-medium-slide/slide	turnHeavy	3
dispositions/application-medium-slide/tall	attachAway	1
dispositions/application-medium-slide/tall	crossings	3
dispositions/application-medium-slide/tall	turnHeavy	1
dispositions/application-medium-slide/wide	crossings	2
dispositions/application-medium-slide/wide	jog<=20	1
dispositions/application-medium-slide/wide	jog<=6	1
dispositions/application-medium-slide/wide	turnHeavy	3
dispositions/application-medium-tall/page	attachAway	1
dispositions/application-medium-tall/page	crossings	3
dispositions/application-medium-tall/page	turnHeavy	1
dispositions/application-medium-tall/slide	crossings	2
dispositions/application-medium-tall/slide	jog<=20	1
dispositions/application-medium-tall/slide	jog<=6	1
dispositions/application-medium-tall/slide	turnHeavy	3
dispositions/application-medium-tall/tall	attachAway	1
dispositions/application-medium-tall/tall	crossings	3
dispositions/application-medium-tall/tall	turnHeavy	1
dispositions/application-medium-tall/wide	crossings	2
dispositions/application-medium-tall/wide	jog<=20	1
dispositions/application-medium-tall/wide	jog<=6	1
dispositions/application-medium-tall/wide	turnHeavy	3
dispositions/application-small-page/page	crossings	1
dispositions/application-small-page/slide	turnHeavy	1
dispositions/application-small-page/tall	crossings	1
dispositions/application-small-page/wide	turnHeavy	1
dispositions/application-small-slide/page	crossings	1
dispositions/application-small-slide/slide	turnHeavy	1
dispositions/application-small-slide/tall	crossings	1
dispositions/application-small-slide/wide	turnHeavy	1
dispositions/application-small-tall/page	crossings	1
dispositions/application-small-tall/slide	turnHeavy	1
dispositions/application-small-tall/tall	crossings	1
dispositions/application-small-tall/wide	turnHeavy	1
dispositions/infrastructure-large-page/page	attachAway	3
dispositions/infrastructure-large-page/page	crossings	4
dispositions/infrastructure-large-page/page	jog<=20	1
dispositions/infrastructure-large-page/page	labelStraddled	2
dispositions/infrastructure-large-page/page	titleStruck	2
dispositions/infrastructure-large-page/page	turnHeavy	2
dispositions/infrastructure-large-page/slide	attachAway	2
dispositions/infrastructure-large-page/slide	crossings	2
dispositions/infrastructure-large-page/slide	turnHeavy	2
dispositions/infrastructure-large-page/tall	attachAway	3
dispositions/infrastructure-large-page/tall	crossings	4
dispositions/infrastructure-large-page/tall	jog<=20	1
dispositions/infrastructure-large-page/tall	labelStraddled	2
dispositions/infrastructure-large-page/tall	titleStruck	2
dispositions/infrastructure-large-page/tall	turnHeavy	2
dispositions/infrastructure-large-page/wide	attachAway	2
dispositions/infrastructure-large-page/wide	crossings	2
dispositions/infrastructure-large-page/wide	turnHeavy	2
dispositions/infrastructure-large-slide/page	attachAway	3
dispositions/infrastructure-large-slide/page	crossings	4
dispositions/infrastructure-large-slide/page	jog<=20	1
dispositions/infrastructure-large-slide/page	labelStraddled	2
dispositions/infrastructure-large-slide/page	titleStruck	2
dispositions/infrastructure-large-slide/page	turnHeavy	2
dispositions/infrastructure-large-slide/slide	attachAway	2
dispositions/infrastructure-large-slide/slide	crossings	2
dispositions/infrastructure-large-slide/slide	turnHeavy	2
dispositions/infrastructure-large-slide/tall	attachAway	3
dispositions/infrastructure-large-slide/tall	crossings	4
dispositions/infrastructure-large-slide/tall	jog<=20	1
dispositions/infrastructure-large-slide/tall	labelStraddled	2
dispositions/infrastructure-large-slide/tall	titleStruck	2
dispositions/infrastructure-large-slide/tall	turnHeavy	2
dispositions/infrastructure-large-slide/wide	attachAway	2
dispositions/infrastructure-large-slide/wide	crossings	2
dispositions/infrastructure-large-slide/wide	turnHeavy	2
dispositions/infrastructure-large-tall/page	attachAway	3
dispositions/infrastructure-large-tall/page	crossings	4
dispositions/infrastructure-large-tall/page	jog<=20	1
dispositions/infrastructure-large-tall/page	labelStraddled	2
dispositions/infrastructure-large-tall/page	titleStruck	2
dispositions/infrastructure-large-tall/page	turnHeavy	2
dispositions/infrastructure-large-tall/slide	attachAway	2
dispositions/infrastructure-large-tall/slide	crossings	2
dispositions/infrastructure-large-tall/slide	turnHeavy	2
dispositions/infrastructure-large-tall/tall	attachAway	3
dispositions/infrastructure-large-tall/tall	crossings	4
dispositions/infrastructure-large-tall/tall	jog<=20	1
dispositions/infrastructure-large-tall/tall	labelStraddled	2
dispositions/infrastructure-large-tall/tall	titleStruck	2
dispositions/infrastructure-large-tall/tall	turnHeavy	2
dispositions/infrastructure-large-tall/wide	attachAway	2
dispositions/infrastructure-large-tall/wide	crossings	2
dispositions/infrastructure-large-tall/wide	turnHeavy	2
dispositions/infrastructure-large-wide/page	attachAway	3
dispositions/infrastructure-large-wide/page	crossings	4
dispositions/infrastructure-large-wide/page	jog<=20	1
dispositions/infrastructure-large-wide/page	labelStraddled	2
dispositions/infrastructure-large-wide/page	titleStruck	2
dispositions/infrastructure-large-wide/page	turnHeavy	2
dispositions/infrastructure-large-wide/slide	attachAway	2
dispositions/infrastructure-large-wide/slide	crossings	2
dispositions/infrastructure-large-wide/slide	turnHeavy	2
dispositions/infrastructure-large-wide/tall	attachAway	3
dispositions/infrastructure-large-wide/tall	crossings	4
dispositions/infrastructure-large-wide/tall	jog<=20	1
dispositions/infrastructure-large-wide/tall	labelStraddled	2
dispositions/infrastructure-large-wide/tall	titleStruck	2
dispositions/infrastructure-large-wide/tall	turnHeavy	2
dispositions/infrastructure-large-wide/wide	attachAway	2
dispositions/infrastructure-large-wide/wide	crossings	2
dispositions/infrastructure-large-wide/wide	turnHeavy	2
dispositions/infrastructure-small-page/page	attachAway	1
dispositions/infrastructure-small-page/tall	attachAway	1
dispositions/infrastructure-small-slide/page	attachAway	1
dispositions/infrastructure-small-slide/tall	attachAway	1
dispositions/infrastructure-small-tall/page	attachAway	1
dispositions/infrastructure-small-tall/tall	attachAway	1
dispositions/large-page/page	attachAway	2
dispositions/large-page/page	crossings	82
dispositions/large-page/page	fanTangle	2
dispositions/large-page/page	jog<=20	1
dispositions/large-page/page	jog<=6	1
dispositions/large-page/page	labelStraddled	1
dispositions/large-page/page	longDetour	6
dispositions/large-page/page	nearParallel	1
dispositions/large-page/page	titleStruck	3
dispositions/large-page/page	turnHeavy	13
dispositions/large-page/slide	attachAway	11
dispositions/large-page/slide	crossings	265
dispositions/large-page/slide	jog<=20	7
dispositions/large-page/slide	jog<=6	2
dispositions/large-page/slide	labelStraddled	5
dispositions/large-page/slide	longDetour	11
dispositions/large-page/slide	nearParallel	3
dispositions/large-page/slide	throughContainer	2
dispositions/large-page/slide	turnHeavy	21
dispositions/large-page/tall	attachAway	2
dispositions/large-page/tall	crossings	82
dispositions/large-page/tall	fanTangle	2
dispositions/large-page/tall	jog<=20	1
dispositions/large-page/tall	jog<=6	1
dispositions/large-page/tall	labelStraddled	1
dispositions/large-page/tall	longDetour	6
dispositions/large-page/tall	nearParallel	1
dispositions/large-page/tall	titleStruck	3
dispositions/large-page/tall	turnHeavy	13
dispositions/large-page/wide	attachAway	4
dispositions/large-page/wide	crossings	89
dispositions/large-page/wide	fanTangle	2
dispositions/large-page/wide	jog<=20	6
dispositions/large-page/wide	jog<=6	3
dispositions/large-page/wide	labelOffLine	1
dispositions/large-page/wide	labelStraddled	4
dispositions/large-page/wide	longDetour	1
dispositions/large-page/wide	nearParallel	2
dispositions/large-page/wide	sideHug	1
dispositions/large-page/wide	throughContainer	1
dispositions/large-page/wide	turnHeavy	19
dispositions/large-slide/page	attachAway	2
dispositions/large-slide/page	crossings	82
dispositions/large-slide/page	fanTangle	2
dispositions/large-slide/page	jog<=20	1
dispositions/large-slide/page	jog<=6	1
dispositions/large-slide/page	labelStraddled	1
dispositions/large-slide/page	longDetour	6
dispositions/large-slide/page	nearParallel	1
dispositions/large-slide/page	titleStruck	3
dispositions/large-slide/page	turnHeavy	13
dispositions/large-slide/slide	attachAway	11
dispositions/large-slide/slide	crossings	265
dispositions/large-slide/slide	jog<=20	7
dispositions/large-slide/slide	jog<=6	2
dispositions/large-slide/slide	labelStraddled	5
dispositions/large-slide/slide	longDetour	11
dispositions/large-slide/slide	nearParallel	3
dispositions/large-slide/slide	throughContainer	2
dispositions/large-slide/slide	turnHeavy	21
dispositions/large-slide/tall	attachAway	2
dispositions/large-slide/tall	crossings	82
dispositions/large-slide/tall	fanTangle	2
dispositions/large-slide/tall	jog<=20	1
dispositions/large-slide/tall	jog<=6	1
dispositions/large-slide/tall	labelStraddled	1
dispositions/large-slide/tall	longDetour	6
dispositions/large-slide/tall	nearParallel	1
dispositions/large-slide/tall	titleStruck	3
dispositions/large-slide/tall	turnHeavy	13
dispositions/large-slide/wide	attachAway	4
dispositions/large-slide/wide	crossings	89
dispositions/large-slide/wide	fanTangle	2
dispositions/large-slide/wide	jog<=20	6
dispositions/large-slide/wide	jog<=6	3
dispositions/large-slide/wide	labelOffLine	1
dispositions/large-slide/wide	labelStraddled	4
dispositions/large-slide/wide	longDetour	1
dispositions/large-slide/wide	nearParallel	2
dispositions/large-slide/wide	sideHug	1
dispositions/large-slide/wide	throughContainer	1
dispositions/large-slide/wide	turnHeavy	19
dispositions/large-tall/page	attachAway	2
dispositions/large-tall/page	crossings	82
dispositions/large-tall/page	fanTangle	2
dispositions/large-tall/page	jog<=20	1
dispositions/large-tall/page	jog<=6	1
dispositions/large-tall/page	labelStraddled	1
dispositions/large-tall/page	longDetour	6
dispositions/large-tall/page	nearParallel	1
dispositions/large-tall/page	titleStruck	3
dispositions/large-tall/page	turnHeavy	13
dispositions/large-tall/slide	attachAway	11
dispositions/large-tall/slide	crossings	265
dispositions/large-tall/slide	jog<=20	7
dispositions/large-tall/slide	jog<=6	2
dispositions/large-tall/slide	labelStraddled	5
dispositions/large-tall/slide	longDetour	11
dispositions/large-tall/slide	nearParallel	3
dispositions/large-tall/slide	throughContainer	2
dispositions/large-tall/slide	turnHeavy	21
dispositions/large-tall/tall	attachAway	2
dispositions/large-tall/tall	crossings	82
dispositions/large-tall/tall	fanTangle	2
dispositions/large-tall/tall	jog<=20	1
dispositions/large-tall/tall	jog<=6	1
dispositions/large-tall/tall	labelStraddled	1
dispositions/large-tall/tall	longDetour	6
dispositions/large-tall/tall	nearParallel	1
dispositions/large-tall/tall	titleStruck	3
dispositions/large-tall/tall	turnHeavy	13
dispositions/large-tall/wide	attachAway	4
dispositions/large-tall/wide	crossings	89
dispositions/large-tall/wide	fanTangle	2
dispositions/large-tall/wide	jog<=20	6
dispositions/large-tall/wide	jog<=6	3
dispositions/large-tall/wide	labelOffLine	1
dispositions/large-tall/wide	labelStraddled	4
dispositions/large-tall/wide	longDetour	1
dispositions/large-tall/wide	nearParallel	2
dispositions/large-tall/wide	sideHug	1
dispositions/large-tall/wide	throughContainer	1
dispositions/large-tall/wide	turnHeavy	19
dispositions/medium-page/page	attachAway	1
dispositions/medium-page/page	crossings	4
dispositions/medium-page/page	jog<=20	1
dispositions/medium-page/page	labelOffLine	3
dispositions/medium-page/page	labelStraddled	3
dispositions/medium-page/slide	attachAway	1
dispositions/medium-page/slide	crossings	4
dispositions/medium-page/slide	jog<=20	3
dispositions/medium-page/slide	labelOffLine	1
dispositions/medium-page/slide	labelStraddled	2
dispositions/medium-page/slide	turnHeavy	4
dispositions/medium-page/tall	attachAway	3
dispositions/medium-page/tall	crossings	7
dispositions/medium-page/tall	labelOffLine	1
dispositions/medium-page/tall	labelStraddled	4
dispositions/medium-page/tall	longDetour	1
dispositions/medium-page/wide	attachAway	1
dispositions/medium-page/wide	crossings	1
dispositions/medium-page/wide	jog<=20	2
dispositions/medium-page/wide	labelOffLine	2
dispositions/medium-page/wide	labelStraddled	2
dispositions/medium-page/wide	turnHeavy	3
dispositions/medium-slide/page	attachAway	1
dispositions/medium-slide/page	crossings	4
dispositions/medium-slide/page	jog<=20	1
dispositions/medium-slide/page	labelOffLine	3
dispositions/medium-slide/page	labelStraddled	3
dispositions/medium-slide/slide	attachAway	1
dispositions/medium-slide/slide	crossings	4
dispositions/medium-slide/slide	jog<=20	3
dispositions/medium-slide/slide	labelOffLine	1
dispositions/medium-slide/slide	labelStraddled	2
dispositions/medium-slide/slide	turnHeavy	4
dispositions/medium-slide/tall	attachAway	3
dispositions/medium-slide/tall	crossings	7
dispositions/medium-slide/tall	labelOffLine	1
dispositions/medium-slide/tall	labelStraddled	4
dispositions/medium-slide/tall	longDetour	1
dispositions/medium-slide/wide	attachAway	1
dispositions/medium-slide/wide	crossings	1
dispositions/medium-slide/wide	jog<=20	2
dispositions/medium-slide/wide	labelOffLine	2
dispositions/medium-slide/wide	labelStraddled	2
dispositions/medium-slide/wide	turnHeavy	3
dispositions/medium-tall/page	attachAway	1
dispositions/medium-tall/page	crossings	4
dispositions/medium-tall/page	jog<=20	1
dispositions/medium-tall/page	labelOffLine	3
dispositions/medium-tall/page	labelStraddled	3
dispositions/medium-tall/slide	attachAway	1
dispositions/medium-tall/slide	crossings	4
dispositions/medium-tall/slide	jog<=20	3
dispositions/medium-tall/slide	labelOffLine	1
dispositions/medium-tall/slide	labelStraddled	2
dispositions/medium-tall/slide	turnHeavy	4
dispositions/medium-tall/tall	attachAway	3
dispositions/medium-tall/tall	crossings	7
dispositions/medium-tall/tall	labelOffLine	1
dispositions/medium-tall/tall	labelStraddled	4
dispositions/medium-tall/tall	longDetour	1
dispositions/medium-tall/wide	attachAway	1
dispositions/medium-tall/wide	crossings	1
dispositions/medium-tall/wide	jog<=20	2
dispositions/medium-tall/wide	labelOffLine	2
dispositions/medium-tall/wide	labelStraddled	2
dispositions/medium-tall/wide	turnHeavy	3
dispositions/positioning-sides-page/page	crossings	4
dispositions/positioning-sides-page/page	turnHeavy	4
dispositions/positioning-sides-page/slide	crossings	5
dispositions/positioning-sides-page/slide	turnHeavy	4
dispositions/positioning-sides-page/tall	crossings	4
dispositions/positioning-sides-page/tall	turnHeavy	4
dispositions/positioning-sides-page/wide	crossings	5
dispositions/positioning-sides-page/wide	turnHeavy	4
dispositions/positioning-sides-slide/page	crossings	3
dispositions/positioning-sides-slide/page	turnHeavy	3
dispositions/positioning-sides-slide/slide	crossings	3
dispositions/positioning-sides-slide/slide	jog<=20	3
dispositions/positioning-sides-slide/slide	titleStruck	1
dispositions/positioning-sides-slide/slide	turnHeavy	2
dispositions/positioning-sides-slide/tall	crossings	3
dispositions/positioning-sides-slide/tall	turnHeavy	3
dispositions/positioning-sides-slide/wide	crossings	3
dispositions/positioning-sides-slide/wide	jog<=20	3
dispositions/positioning-sides-slide/wide	titleStruck	1
dispositions/positioning-sides-slide/wide	turnHeavy	2
dispositions/positioning-sides-tall/page	crossings	3
dispositions/positioning-sides-tall/page	turnHeavy	3
dispositions/positioning-sides-tall/slide	crossings	4
dispositions/positioning-sides-tall/slide	jog<=20	1
dispositions/positioning-sides-tall/slide	turnHeavy	2
dispositions/positioning-sides-tall/tall	crossings	3
dispositions/positioning-sides-tall/tall	turnHeavy	3
dispositions/positioning-sides-tall/wide	crossings	4
dispositions/positioning-sides-tall/wide	jog<=20	1
dispositions/positioning-sides-tall/wide	turnHeavy	2
dispositions/small-page/page	attachAway	1
dispositions/small-page/page	crossings	2
dispositions/small-page/page	labelStraddled	1
dispositions/small-page/slide	turnHeavy	1
dispositions/small-page/tall	attachAway	1
dispositions/small-page/tall	crossings	2
dispositions/small-page/tall	labelStraddled	1
dispositions/small-page/wide	crossings	1
dispositions/small-page/wide	turnHeavy	1
dispositions/small-slide/page	attachAway	1
dispositions/small-slide/page	crossings	2
dispositions/small-slide/page	labelStraddled	1
dispositions/small-slide/slide	turnHeavy	1
dispositions/small-slide/tall	attachAway	1
dispositions/small-slide/tall	crossings	2
dispositions/small-slide/tall	labelStraddled	1
dispositions/small-slide/wide	crossings	1
dispositions/small-slide/wide	turnHeavy	1
dispositions/small-tall/page	attachAway	1
dispositions/small-tall/page	crossings	2
dispositions/small-tall/page	labelStraddled	1
dispositions/small-tall/slide	turnHeavy	1
dispositions/small-tall/tall	attachAway	1
dispositions/small-tall/tall	crossings	2
dispositions/small-tall/tall	labelStraddled	1
dispositions/small-tall/wide	crossings	1
dispositions/small-tall/wide	turnHeavy	1
infrastructure-fr/page	attachAway	1
infrastructure-fr/page	titleStruck	1
infrastructure-fr/slide	jog<=6	1
infrastructure-fr/slide	nearParallel	1
infrastructure-fr/tall	attachAway	1
infrastructure-fr/tall	titleStruck	1
infrastructure-fr/wide	jog<=6	1
infrastructure-fr/wide	nearParallel	1
infrastructure-large-fr/page	attachAway	3
infrastructure-large-fr/page	crossings	4
infrastructure-large-fr/page	jog<=6	1
infrastructure-large-fr/page	labelStraddled	1
infrastructure-large-fr/page	nearParallel	2
infrastructure-large-fr/page	sideHug	1
infrastructure-large-fr/page	titleStruck	2
infrastructure-large-fr/page	turnHeavy	2
infrastructure-large-fr/slide	attachAway	2
infrastructure-large-fr/slide	crossings	2
infrastructure-large-fr/slide	turnHeavy	2
infrastructure-large-fr/tall	attachAway	3
infrastructure-large-fr/tall	crossings	4
infrastructure-large-fr/tall	jog<=6	1
infrastructure-large-fr/tall	labelStraddled	1
infrastructure-large-fr/tall	nearParallel	2
infrastructure-large-fr/tall	sideHug	1
infrastructure-large-fr/tall	titleStruck	2
infrastructure-large-fr/tall	turnHeavy	2
infrastructure-large-fr/wide	attachAway	2
infrastructure-large-fr/wide	crossings	2
infrastructure-large-fr/wide	turnHeavy	2
infrastructure-large/page	attachAway	3
infrastructure-large/page	crossings	4
infrastructure-large/page	jog<=20	1
infrastructure-large/page	labelStraddled	2
infrastructure-large/page	titleStruck	2
infrastructure-large/page	turnHeavy	2
infrastructure-large/slide	attachAway	2
infrastructure-large/slide	crossings	2
infrastructure-large/slide	turnHeavy	2
infrastructure-large/tall	attachAway	3
infrastructure-large/tall	crossings	4
infrastructure-large/tall	jog<=20	1
infrastructure-large/tall	labelStraddled	2
infrastructure-large/tall	titleStruck	2
infrastructure-large/tall	turnHeavy	2
infrastructure-large/wide	attachAway	2
infrastructure-large/wide	crossings	2
infrastructure-large/wide	turnHeavy	2
infrastructure-security-edge/page	jog<=6	1
infrastructure-security-edge/tall	jog<=6	1
infrastructure-small/page	attachAway	1
infrastructure-small/tall	attachAway	1
infrastructure/page	attachAway	1
infrastructure/slide	jog<=6	1
infrastructure/slide	nearParallel	1
infrastructure/tall	attachAway	1
infrastructure/wide	jog<=6	1
infrastructure/wide	nearParallel	1
large-fr/page	attachAway	3
large-fr/page	crossings	81
large-fr/page	fanTangle	2
large-fr/page	jog<=20	3
large-fr/page	jog<=6	1
large-fr/page	labelStraddled	3
large-fr/page	longDetour	6
large-fr/page	sideHug	1
large-fr/page	throughContainer	1
large-fr/page	titleStruck	3
large-fr/page	turnHeavy	15
large-fr/slide	attachAway	11
large-fr/slide	crossings	265
large-fr/slide	jog<=20	7
large-fr/slide	jog<=6	2
large-fr/slide	labelStraddled	4
large-fr/slide	longDetour	11
large-fr/slide	nearParallel	3
large-fr/slide	throughContainer	2
large-fr/slide	turnHeavy	21
large-fr/tall	attachAway	3
large-fr/tall	crossings	91
large-fr/tall	fanTangle	2
large-fr/tall	jog<=6	1
large-fr/tall	labelStraddled	3
large-fr/tall	longDetour	7
large-fr/tall	titleStruck	1
large-fr/tall	turnHeavy	13
large-fr/wide	attachAway	2
large-fr/wide	crossings	125
large-fr/wide	fanTangle	1
large-fr/wide	jog<=20	5
large-fr/wide	jog<=6	4
large-fr/wide	labelOffLine	1
large-fr/wide	labelStraddled	5
large-fr/wide	longDetour	1
large-fr/wide	nearParallel	1
large-fr/wide	throughContainer	1
large-fr/wide	turnHeavy	23
large-numbered/page	attachAway	2
large-numbered/page	crossings	95
large-numbered/page	fanTangle	1
large-numbered/page	jog<=6	1
large-numbered/page	longDetour	2
large-numbered/page	nearParallel	2
large-numbered/page	titleStruck	5
large-numbered/page	turnHeavy	17
large-numbered/slide	attachAway	6
large-numbered/slide	crossings	85
large-numbered/slide	fanTangle	1
large-numbered/slide	jog<=20	3
large-numbered/slide	jog<=6	3
large-numbered/slide	longDetour	1
large-numbered/slide	nearParallel	1
large-numbered/slide	throughContainer	1
large-numbered/slide	turnHeavy	19
large-numbered/tall	attachAway	2
large-numbered/tall	crossings	95
large-numbered/tall	fanTangle	1
large-numbered/tall	jog<=6	1
large-numbered/tall	longDetour	2
large-numbered/tall	nearParallel	2
large-numbered/tall	titleStruck	5
large-numbered/tall	turnHeavy	17
large-numbered/wide	attachAway	6
large-numbered/wide	crossings	94
large-numbered/wide	fanTangle	1
large-numbered/wide	jog<=20	3
large-numbered/wide	jog<=6	3
large-numbered/wide	longDetour	1
large-numbered/wide	nearParallel	1
large-numbered/wide	sideHug	1
large-numbered/wide	throughContainer	1
large-numbered/wide	turnHeavy	20
large/page	attachAway	2
large/page	crossings	82
large/page	fanTangle	2
large/page	jog<=20	1
large/page	jog<=6	1
large/page	labelStraddled	1
large/page	longDetour	6
large/page	nearParallel	1
large/page	titleStruck	3
large/page	turnHeavy	13
large/slide	attachAway	11
large/slide	crossings	265
large/slide	jog<=20	7
large/slide	jog<=6	2
large/slide	labelStraddled	5
large/slide	longDetour	11
large/slide	nearParallel	3
large/slide	throughContainer	2
large/slide	turnHeavy	21
large/tall	attachAway	2
large/tall	crossings	82
large/tall	fanTangle	2
large/tall	jog<=20	1
large/tall	jog<=6	1
large/tall	labelStraddled	1
large/tall	longDetour	6
large/tall	nearParallel	1
large/tall	titleStruck	3
large/tall	turnHeavy	13
large/wide	attachAway	4
large/wide	crossings	89
large/wide	fanTangle	2
large/wide	jog<=20	6
large/wide	jog<=6	3
large/wide	labelOffLine	1
large/wide	labelStraddled	4
large/wide	longDetour	1
large/wide	nearParallel	2
large/wide	sideHug	1
large/wide	throughContainer	1
large/wide	turnHeavy	19
logical-archi/page	attachAway	3
logical-archi/page	crossings	11
logical-archi/page	labelOffLine	1
logical-archi/page	labelStraddled	1
logical-archi/page	longDetour	2
logical-archi/page	turnHeavy	2
logical-archi/slide	attachAway	3
logical-archi/slide	crossings	16
logical-archi/slide	jog<=6	1
logical-archi/slide	labelStraddled	3
logical-archi/slide	turnHeavy	5
logical-archi/tall	attachAway	5
logical-archi/tall	crossings	25
logical-archi/tall	jog<=6	1
logical-archi/tall	longDetour	5
logical-archi/tall	nearParallel	2
logical-archi/tall	turnHeavy	6
logical-archi/wide	attachAway	3
logical-archi/wide	crossings	16
logical-archi/wide	jog<=6	1
logical-archi/wide	labelStraddled	3
logical-archi/wide	turnHeavy	5
logical-fr/page	attachAway	1
logical-fr/page	crossings	1
logical-fr/page	jog<=20	1
logical-fr/page	labelOffLine	3
logical-fr/page	labelStraddled	2
logical-fr/page	sideHug	1
logical-fr/slide	attachAway	1
logical-fr/slide	crossings	4
logical-fr/slide	jog<=20	1
logical-fr/slide	jog<=6	1
logical-fr/slide	labelOffLine	2
logical-fr/slide	turnHeavy	2
logical-fr/tall	attachAway	2
logical-fr/tall	crossings	16
logical-fr/tall	labelStraddled	3
logical-fr/tall	longDetour	2
logical-fr/tall	turnHeavy	1
logical-fr/wide	attachAway	1
logical-fr/wide	crossings	1
logical-fr/wide	jog<=20	2
logical-fr/wide	labelOffLine	1
logical-fr/wide	labelStraddled	3
logical-fr/wide	turnHeavy	3
logical/page	attachAway	1
logical/page	crossings	4
logical/page	jog<=20	1
logical/page	labelOffLine	3
logical/page	labelStraddled	3
logical/slide	attachAway	1
logical/slide	crossings	4
logical/slide	jog<=20	3
logical/slide	labelOffLine	1
logical/slide	labelStraddled	2
logical/slide	turnHeavy	4
logical/tall	attachAway	3
logical/tall	crossings	7
logical/tall	labelOffLine	1
logical/tall	labelStraddled	4
logical/tall	longDetour	1
logical/wide	attachAway	1
logical/wide	crossings	1
logical/wide	jog<=20	2
logical/wide	labelOffLine	2
logical/wide	labelStraddled	2
logical/wide	turnHeavy	3
medium/page	crossings	6
medium/page	labelStraddled	2
medium/page	nearParallel	1
medium/page	turnHeavy	1
medium/slide	crossings	6
medium/slide	labelOffLine	1
medium/slide	labelStraddled	2
medium/slide	turnHeavy	2
medium/tall	crossings	7
medium/tall	jog<=20	1
medium/tall	labelStraddled	2
medium/tall	turnHeavy	1
medium/wide	attachAway	1
medium/wide	crossings	5
medium/wide	jog<=20	3
medium/wide	labelOffLine	1
medium/wide	labelStraddled	3
medium/wide	turnHeavy	4
placement/baseline/page	titleStruck	1
placement/flow-label/page	titleStruck	1
placement/flow-label/page	turnHeavy	1
placement/flow-label/slide	titleStruck	1
placement/flow-label/tall	titleStruck	1
placement/flow-label/tall	turnHeavy	1
placement/flow-label/wide	titleStruck	1
placement/reading-order/slide	turnHeavy	1
placement/reading-order/wide	turnHeavy	1
placement/sides/page	longDetour	1
placement/sides/page	turnHeavy	2
placement/sides/tall	longDetour	1
placement/sides/tall	turnHeavy	2
placement/sides/wide	titleStruck	1
positioning-sides/page	crossings	4
positioning-sides/page	labelStraddled	2
positioning-sides/page	turnHeavy	3
positioning-sides/slide	crossings	4
positioning-sides/slide	jog<=6	1
positioning-sides/slide	nearParallel	1
positioning-sides/slide	turnHeavy	4
positioning-sides/tall	crossings	4
positioning-sides/tall	labelStraddled	2
positioning-sides/tall	turnHeavy	3
positioning-sides/wide	crossings	4
positioning-sides/wide	jog<=6	1
positioning-sides/wide	nearParallel	1
positioning-sides/wide	turnHeavy	4
small/page	attachAway	1
small/page	crossings	2
small/page	labelStraddled	1
small/slide	turnHeavy	1
small/tall	attachAway	1
small/tall	crossings	2
small/tall	labelStraddled	1
small/wide	crossings	1
small/wide	turnHeavy	1
themes/classic-dark/page	crossings	1
themes/classic-dark/page	turnHeavy	1
themes/classic-dark/slide	turnHeavy	1
themes/classic-dark/tall	crossings	1
themes/classic-dark/tall	turnHeavy	1
themes/classic-dark/wide	turnHeavy	1
themes/classic/page	crossings	1
themes/classic/page	turnHeavy	1
themes/classic/slide	turnHeavy	1
themes/classic/tall	crossings	1
themes/classic/tall	turnHeavy	1
themes/classic/wide	turnHeavy	1
themes/contrast/page	crossings	1
themes/contrast/page	turnHeavy	1
themes/contrast/slide	turnHeavy	1
themes/contrast/tall	crossings	1
themes/contrast/tall	turnHeavy	1
themes/contrast/wide	turnHeavy	1
themes/dark/page	crossings	1
themes/dark/page	turnHeavy	1
themes/dark/slide	turnHeavy	1
themes/dark/tall	crossings	1
themes/dark/tall	turnHeavy	1
themes/dark/wide	turnHeavy	1
themes/light/page	crossings	1
themes/light/page	turnHeavy	1
themes/light/slide	turnHeavy	1
themes/light/tall	crossings	1
themes/light/tall	turnHeavy	1
themes/light/wide	turnHeavy	1
themes/nord/page	crossings	1
themes/nord/page	turnHeavy	1
themes/nord/slide	turnHeavy	1
themes/nord/tall	crossings	1
themes/nord/tall	turnHeavy	1
themes/nord/wide	turnHeavy	1
themes/sand/page	crossings	1
themes/sand/page	turnHeavy	1
themes/sand/slide	turnHeavy	1
themes/sand/tall	crossings	1
themes/sand/tall	turnHeavy	1
themes/sand/wide	turnHeavy	1
themes/slate/page	crossings	1
themes/slate/page	turnHeavy	1
themes/slate/slide	turnHeavy	1
themes/slate/tall	crossings	1
themes/slate/tall	turnHeavy	1
themes/slate/wide	turnHeavy	1
themes/solarized/page	crossings	1
themes/solarized/page	turnHeavy	1
themes/solarized/slide	turnHeavy	1
themes/solarized/tall	crossings	1
themes/solarized/tall	turnHeavy	1
themes/solarized/wide	turnHeavy	1
